

================================================================
== Vivado HLS Report for 'detectFaceS24ii'
================================================================
* Date:           Mon Feb 26 17:30:42 2018

* Version:        2017.2 (Build 1909853 on Thu Jun 15 18:55:24 MDT 2017)
* Project:        S24FaceDetectII
* Solution:       solution1
* Product family: artix7
* Target device:  xc7a200tfbg676-1


================================================================
== Performance Estimates
================================================================
+ Timing (ns): 
    * Summary: 
    +--------+-------+----------+------------+
    |  Clock | Target| Estimated| Uncertainty|
    +--------+-------+----------+------------+
    |ap_clk  |  10.00|      9.77|        1.25|
    +--------+-------+----------+------------+

+ Latency (clock cycles): 
    * Summary: 
    +------+------+------+------+---------+
    |   Latency   |   Interval  | Pipeline|
    |  min |  max |  min |  max |   Type  |
    +------+------+------+------+---------+
    |  6673|  6673|  6674|  6674|   none  |
    +------+------+------+------+---------+

    + Detail: 
        * Instance: 
        N/A

        * Loop: 
        +---------------+------+------+----------+-----------+-----------+------+----------+
        |               |   Latency   | Iteration|  Initiation Interval  | Trip |          |
        |   Loop Name   |  min |  max |  Latency |  achieved |   target  | Count| Pipelined|
        +---------------+------+------+----------+-----------+-----------+------+----------+
        |- Loop_Buffer  |    92|    92|         4|          -|          -|    23|    no    |
        |- Loop_iiRow   |  1776|  1776|        74|          -|          -|    24|    no    |
        | + Loop_iiCol  |    69|    69|         3|          -|          -|    23|    no    |
        |- Loop_Nodes   |  4800|  4800|        24|          -|          -|   200|    no    |
        +---------------+------+------+----------+-----------+-----------+------+----------+



================================================================
== Utilization Estimates
================================================================
* Summary: 
+-----------------+---------+-------+--------+--------+
|       Name      | BRAM_18K| DSP48E|   FF   |   LUT  |
+-----------------+---------+-------+--------+--------+
|DSP              |        -|      1|       -|       -|
|Expression       |        -|      1|    1698|    1362|
|FIFO             |        -|      -|       -|       -|
|Instance         |        -|      2|     610|     648|
|Memory           |       19|      -|      95|     210|
|Multiplexer      |        -|      -|       -|     448|
|Register         |        -|      -|     730|       -|
+-----------------+---------+-------+--------+--------+
|Total            |       19|      4|    3133|    2668|
+-----------------+---------+-------+--------+--------+
|Available        |      730|    740|  269200|  129000|
+-----------------+---------+-------+--------+--------+
|Utilization (%)  |        2|   ~0  |       1|       2|
+-----------------+---------+-------+--------+--------+

+ Detail: 
    * Instance: 
    +-------------------------+----------------------+---------+-------+-----+-----+
    |         Instance        |        Module        | BRAM_18K| DSP48E|  FF | LUT |
    +-------------------------+----------------------+---------+-------+-----+-----+
    |detectFaceS24ii_ftde_U0  |detectFaceS24ii_ftde  |        0|      2|  205|  205|
    |detectFaceS24ii_fvdy_U2  |detectFaceS24ii_fvdy  |        0|      0|   66|   70|
    |detectFaceS24ii_sudo_U1  |detectFaceS24ii_sudo  |        0|      0|  339|  373|
    +-------------------------+----------------------+---------+-------+-----+-----+
    |Total                    |                      |        0|      2|  610|  648|
    +-------------------------+----------------------+---------+-------+-----+-----+

    * DSP48: 
    +-------------------------+----------------------+---------------------+
    |         Instance        |        Module        |      Expression     |
    +-------------------------+----------------------+---------------------+
    |detectFaceS24ii_awdI_U3  |detectFaceS24ii_awdI  | i0 + (i1 + i2) * i3 |
    +-------------------------+----------------------+---------------------+

    * Memory: 
    +--------------------------+----------------------+---------+----+----+-------+-----+------+-------------+
    |          Memory          |        Module        | BRAM_18K| FF | LUT| Words | Bits| Banks| W*Bits*Banks|
    +--------------------------+----------------------+---------+----+----+-------+-----+------+-------------+
    |colBuffer_U               |detectFaceS24ii_ccud  |        0|  32|   6|     24|   16|     1|          384|
    |ii_U                      |detectFaceS24ii_ii    |        1|   0|   0|    576|   18|     1|        10368|
    |lineBuffer_U              |detectFaceS24ii_lbkb  |       16|   0|   0|  15360|   16|     1|       245760|
    |stage24Nodes_U            |detectFaceS24ii_sdEe  |        2|   0|   0|    600|   32|     1|        19200|
    |stage24RectsExtend_0_U    |detectFaceS24ii_seOg  |        0|   5|  16|    200|    5|     1|         1000|
    |stage24RectsExtend_0_1_U  |detectFaceS24ii_sfYi  |        0|   5|  16|    200|    5|     1|         1000|
    |stage24RectsExtend_0_2_U  |detectFaceS24ii_sg8j  |        0|   5|  16|    200|    5|     1|         1000|
    |stage24RectsExtend_0_3_U  |detectFaceS24ii_shbi  |        0|   5|  16|    200|    5|     1|         1000|
    |stage24RectsExtend_0_4_U  |detectFaceS24ii_sibs  |        0|   1|   4|    200|    1|     1|          200|
    |stage24RectsExtend_1_U    |detectFaceS24ii_sjbC  |        0|   5|  16|    200|    5|     1|         1000|
    |stage24RectsExtend_1_1_U  |detectFaceS24ii_skbM  |        0|   5|  16|    200|    5|     1|         1000|
    |stage24RectsExtend_1_2_U  |detectFaceS24ii_slbW  |        0|   5|  16|    200|    5|     1|         1000|
    |stage24RectsExtend_1_3_U  |detectFaceS24ii_smb6  |        0|   5|  16|    200|    5|     1|         1000|
    |stage24RectsExtend_1_4_U  |detectFaceS24ii_sncg  |        0|   2|   7|    200|    2|     1|          400|
    |stage24RectsExtend_2_U    |detectFaceS24ii_socq  |        0|   5|  16|    200|    5|     1|         1000|
    |stage24RectsExtend_2_1_U  |detectFaceS24ii_spcA  |        0|   5|  16|    200|    5|     1|         1000|
    |stage24RectsExtend_2_2_U  |detectFaceS24ii_sqcK  |        0|   4|  13|    200|    4|     1|          800|
    |stage24RectsExtend_2_3_U  |detectFaceS24ii_srcU  |        0|   4|  13|    200|    4|     1|          800|
    |stage24RectsExtend_2_4_U  |detectFaceS24ii_ssc4  |        0|   2|   7|    200|    2|     1|          400|
    +--------------------------+----------------------+---------+----+----+-------+-----+------+-------------+
    |Total                     |                      |       19|  95| 210|  19560|  145|    19|       288312|
    +--------------------------+----------------------+---------+----+----+-------+-----+------+-------------+

    * FIFO: 
    N/A

    * Expression: 
    +---------------------------------+----------+-------+----+----+------------+------------+
    |          Variable Name          | Operation| DSP48E| FF | LUT| Bitwidth P0| Bitwidth P1|
    +---------------------------------+----------+-------+----+----+------------+------------+
    |tmp_35_1_fu_1588_p2              |     *    |      1|   0|  73|          20|           2|
    |coordDownL_1_fu_1278_p2          |     +    |      0|  38|  16|          11|          11|
    |coordDownL_2_fu_1474_p2          |     +    |      0|  38|  16|          11|          11|
    |coordDownL_fu_1071_p2            |     +    |      0|  38|  16|          11|          11|
    |coordDownR_1_fu_1288_p2          |     +    |      0|  38|  16|          11|          11|
    |coordDownR_2_fu_1484_p2          |     +    |      0|  38|  16|          11|          11|
    |coordDownR_fu_1081_p2            |     +    |      0|  38|  16|          11|          11|
    |coordUpL_1_fu_1183_p2            |     +    |      0|   0|  11|          11|          11|
    |coordUpL_2_fu_1366_p2            |     +    |      0|   0|  11|          11|          11|
    |coordUpL_fu_1017_p2              |     +    |      0|   0|  11|          11|          11|
    |coordUpR_1_fu_1245_p2            |     +    |      0|  38|  16|          11|          11|
    |coordUpR_2_fu_1437_p2            |     +    |      0|  38|  16|          11|          11|
    |coordUpR_fu_1038_p2              |     +    |      0|  38|  16|          11|          11|
    |lValue_1_fu_1761_p2              |     +    |      0|  38|  16|          11|          11|
    |nodeIdx_1_fu_897_p2              |     +    |      0|  29|  13|           8|           1|
    |row_2_fu_766_p2                  |     +    |      0|  20|  10|           5|           1|
    |sum_1_2_fu_1657_p2               |     +    |      0|  74|  28|          23|          23|
    |tmp26_fu_1007_p2                 |     +    |      0|  23|  11|           6|           6|
    |tmp27_fu_1173_p2                 |     +    |      0|  23|  11|           6|           6|
    |tmp28_fu_1356_p2                 |     +    |      0|  23|  11|           6|           6|
    |tmp_10_fu_843_p2                 |     +    |      0|  38|  16|          11|           5|
    |tmp_13_fu_873_p2                 |     +    |      0|   0|  11|          18|          18|
    |tmp_14_fu_828_p2                 |     +    |      0|  38|  16|          11|          11|
    |tmp_16_fu_838_p2                 |     +    |      0|  38|  16|          11|          11|
    |tmp_17_fu_822_p2                 |     +    |      0|  20|  10|           5|           1|
    |tmp_19_fu_632_p2                 |     +    |      0|  50|  20|          14|          15|
    |tmp_26_fu_1305_p2                |     +    |      0|   0|  11|          20|          20|
    |tmp_2_fu_749_p2                  |     +    |      0|   0|  11|          16|          16|
    |tmp_31_fu_670_p2                 |     +    |      0|   0|  11|          15|          15|
    |tmp_33_fu_676_p2                 |     +    |      0|   0|  11|          15|          15|
    |tmp_34_1_fu_1529_p2              |     +    |      0|  65|  25|          20|          20|
    |tmp_3_fu_692_p2                  |     +    |      0|  20|  10|           5|           1|
    |tmp_42_fu_722_p2                 |     +    |      0|   0|  11|          15|          15|
    |tmp_43_fu_728_p2                 |     +    |      0|   0|  11|          15|          15|
    |mt_fu_1311_p2                    |     -    |      0|   0|  11|           1|          20|
    |sumA_1_fu_1502_p2                |     -    |      0|  62|  24|          19|          19|
    |sumA_fu_1108_p2                  |     -    |      0|  62|  24|          19|          19|
    |sumA_s_fu_1551_p2                |     -    |      0|  62|  24|          19|          19|
    |sumB_1_1_fu_1396_p2              |     -    |      0|  62|  24|          19|          19|
    |sumB_1_2_fu_1608_p2              |     -    |      0|  62|  24|          19|          19|
    |sumB_1_fu_1215_p2                |     -    |      0|  62|  24|          19|          19|
    |sumB_3_fu_1598_p2                |     -    |      0|  62|  24|           1|          19|
    |sumB_fu_1205_p2                  |     -    |      0|  62|  24|           1|          19|
    |sumB_s_fu_1386_p2                |     -    |      0|  62|  24|           1|          19|
    |tmp_12_fu_867_p2                 |     -    |      0|   0|  11|          18|          18|
    |tmp_15_fu_853_p2                 |     -    |      0|  59|  23|          18|          18|
    |tmp_1_fu_745_p2                  |     -    |      0|   0|  11|          16|          16|
    |tmp_20_fu_1065_p2                |     -    |      0|  38|  16|          11|          11|
    |tmp_21_1_fu_1167_p2              |     -    |      0|   0|  11|          11|          11|
    |tmp_21_2_fu_1350_p2              |     -    |      0|   0|  11|          11|          11|
    |tmp_23_1_fu_1272_p2              |     -    |      0|  38|  16|          11|          11|
    |tmp_23_2_fu_1464_p2              |     -    |      0|  35|  15|          10|          10|
    |tmp_4_fu_740_p2                  |     -    |      0|  53|  21|          16|          16|
    |tmp_5_fu_796_p2                  |     -    |      0|  38|  16|          11|          11|
    |tmp_8_fu_915_p2                  |     -    |      0|  38|  16|          11|          11|
    |tmp_9_fu_1001_p2                 |     -    |      0|   0|  11|          11|          11|
    |sel_tmp10_fu_1569_p2             |    and   |      0|   0|   2|           1|           1|
    |sel_tmp2_fu_1126_p2              |    and   |      0|   0|   2|           1|           1|
    |sel_tmp5_fu_1414_p2              |    and   |      0|   0|   2|           1|           1|
    |tmp_25_fu_957_p2                 |    and   |      0|   0|   2|           1|           1|
    |tmp_36_fu_1741_p2                |    and   |      0|   0|   2|           1|           1|
    |tmp_38_fu_1747_p2                |    and   |      0|   0|   2|           1|           1|
    |exitcond1_fu_891_p2              |   icmp   |      0|   0|   4|           8|           7|
    |exitcond2_fu_816_p2              |   icmp   |      0|   0|   2|           5|           5|
    |exitcond3_fu_760_p2              |   icmp   |      0|   0|   2|           5|           5|
    |exitcond4_fu_686_p2              |   icmp   |      0|   0|   2|           5|           5|
    |notlhs1_fu_939_p2                |   icmp   |      0|   0|   4|           8|           2|
    |notlhs2_fu_1723_p2               |   icmp   |      0|   0|   4|           8|           2|
    |notlhs_fu_1705_p2                |   icmp   |      0|   0|   4|           8|           2|
    |notrhs1_fu_945_p2                |   icmp   |      0|   0|  13|          23|           1|
    |notrhs2_fu_1729_p2               |   icmp   |      0|   0|  13|          23|           1|
    |notrhs_fu_1711_p2                |   icmp   |      0|   0|  13|          23|           1|
    |tmp_21_fu_1023_p2                |   icmp   |      0|   0|   2|           5|           1|
    |tmp_22_fu_1029_p2                |   icmp   |      0|   0|   2|           5|           1|
    |tmp_24_1_fu_1189_p2              |   icmp   |      0|   0|   2|           5|           1|
    |tmp_24_2_fu_1372_p2              |   icmp   |      0|   0|   2|           5|           1|
    |tmp_25_1_fu_1195_p2              |   icmp   |      0|   0|   2|           5|           1|
    |tmp_25_2_fu_1377_p2              |   icmp   |      0|   0|   2|           5|           1|
    |tmp_23_fu_951_p2                 |    or    |      0|   0|   2|           1|           1|
    |tmp_34_fu_1717_p2                |    or    |      0|   0|   2|           1|           1|
    |tmp_35_fu_1735_p2                |    or    |      0|   0|   2|           1|           1|
    |tmp_6_fu_807_p2                  |    or    |      0|   0|  11|          11|           1|
    |lValue_1_v_cast_cast_fu_1753_p3  |  select  |      0|   0|   2|           1|           1|
    |sel_tmp11_fu_1621_p3             |  select  |      0|   0|  19|           1|          19|
    |sel_tmp4_fu_1228_p3              |  select  |      0|   0|  19|           1|          19|
    |sel_tmp6_fu_1419_p3              |  select  |      0|   0|  19|           1|          19|
    |sel_tmp7_fu_1557_p3              |  select  |      0|   0|  19|           1|          19|
    |sel_tmp9_fu_1508_p3              |  select  |      0|   0|  19|           1|          19|
    |sel_tmp_fu_1114_p3               |  select  |      0|   0|  19|           1|          19|
    |sumA_2_1_fu_1515_p3              |  select  |      0|   0|  19|           1|          19|
    |sumA_2_2_fu_1574_p3              |  select  |      0|   0|  19|           1|          19|
    |sumA_2_fu_1131_p3                |  select  |      0|   0|  19|           1|          19|
    |sumB2_1_fu_1402_p3               |  select  |      0|   0|  19|           1|           1|
    |sumB2_2_fu_1614_p3               |  select  |      0|   0|  19|           1|           1|
    |sumB2_fu_1221_p3                 |  select  |      0|   0|  19|           1|           1|
    |sumB_2_1_fu_1426_p3              |  select  |      0|   0|  19|           1|           1|
    |sumB_2_2_fu_1628_p3              |  select  |      0|   0|  19|           1|           1|
    |sumB_2_fu_1235_p3                |  select  |      0|   0|  19|           1|           1|
    |tmp_27_fu_1635_p3                |  select  |      0|   0|  20|           1|          20|
    |not_s_fu_963_p2                  |    xor   |      0|   0|   2|           1|           2|
    |sel_tmp1_fu_1121_p2              |    xor   |      0|   0|   2|           1|           2|
    |sel_tmp3_fu_1409_p2              |    xor   |      0|   0|   2|           1|           2|
    |sel_tmp8_fu_1564_p2              |    xor   |      0|   0|   2|           1|           2|
    +---------------------------------+----------+-------+----+----+------------+------------+
    |Total                            |          |      1|1698|1362|         868|         965|
    +---------------------------------+----------+-------+----+----+------------+------------+

    * Multiplexer: 
    +-----------------------+-----+-----------+-----+-----------+
    |          Name         | LUT | Input Size| Bits| Total Bits|
    +-----------------------+-----+-----------+-----+-----------+
    |ap_NS_fsm              |  174|         39|    1|         39|
    |colBuffer_address0     |   21|          4|    5|         20|
    |col_reg_569            |    9|          2|    5|         10|
    |grp_fu_611_p0          |   15|          3|   32|         96|
    |grp_fu_611_p1          |   15|          3|   32|         96|
    |ii_address0            |   53|         12|   10|        120|
    |ii_address1            |   38|          7|   10|         70|
    |ii_d0                  |   15|          3|   18|         54|
    |lineBuffer_address0    |   33|          6|   14|         84|
    |lineBuffer_d0          |   15|          3|   16|         48|
    |nodeIdx_reg_580        |    9|          2|    8|         16|
    |reg_617                |    9|          2|   18|         36|
    |row_1_reg_558          |    9|          2|    5|         10|
    |row_reg_547            |    9|          2|    5|         10|
    |stage24Nodes_address0  |   15|          3|   10|         30|
    |stageTmp_reg_591       |    9|          2|   32|         64|
    +-----------------------+-----+-----------+-----+-----------+
    |Total                  |  448|         95|  221|        803|
    +-----------------------+-----+-----------+-----+-----------+

    * Register: 
    +---------------------------------+----+----+-----+-----------+
    |               Name              | FF | LUT| Bits| Const Bits|
    +---------------------------------+----+----+-----+-----------+
    |ap_CS_fsm                        |  38|   0|   38|          0|
    |col_reg_569                      |   5|   0|    5|          0|
    |coordUpL_1_reg_2106              |  11|   0|   11|          0|
    |coordUpL_2_reg_2195              |  11|   0|   11|          0|
    |coordUpL_reg_1975                |  11|   0|   11|          0|
    |coordUpR_1_reg_2160              |  11|   0|   11|          0|
    |coordUpR_2_reg_2225              |  11|   0|   11|          0|
    |coordUpR_reg_2000                |  11|   0|   11|          0|
    |ii_addr_1_reg_1895               |   7|   0|   10|          3|
    |ii_load_8_reg_2180               |  18|   0|   18|          0|
    |lValue_1_reg_2296                |  11|   0|   11|          0|
    |lineBuffer_addr_1_reg_1798       |  14|   0|   14|          0|
    |lineBuffer_addr_2_reg_1814       |  14|   0|   14|          0|
    |lineBuffer_load_reg_1803         |  16|   0|   16|          0|
    |mt_reg_2175                      |  20|   0|   20|          0|
    |nodeIdx_1_reg_1933               |   8|   0|    8|          0|
    |nodeIdx_cast_reg_1915            |   8|   0|   32|         24|
    |nodeIdx_reg_580                  |   8|   0|    8|          0|
    |reg_617                          |  18|   0|   18|          0|
    |reg_622                          |  32|   0|   32|          0|
    |row_1_cast_reg_1847              |   5|   0|   32|         27|
    |row_1_reg_558                    |   5|   0|    5|          0|
    |row_2_reg_1855                   |   5|   0|    5|          0|
    |row_cast_reg_1809                |   5|   0|   32|         27|
    |row_reg_547                      |   5|   0|    5|          0|
    |sel_tmp10_reg_2255               |   1|   0|    1|          0|
    |sel_tmp2_reg_2080                |   1|   0|    1|          0|
    |sel_tmp5_reg_2215                |   1|   0|    1|          0|
    |stage24RectsExtend_0_5_reg_1964  |   5|   0|    5|          0|
    |stage24RectsExtend_0_7_reg_1969  |   5|   0|    5|          0|
    |stage24RectsExtend_0_9_reg_2065  |   1|   0|    1|          0|
    |stage24RectsExtend_1_5_reg_2090  |   5|   0|    5|          0|
    |stage24RectsExtend_1_7_reg_2095  |   5|   0|    5|          0|
    |stage24RectsExtend_1_9_reg_2101  |   2|   0|    2|          0|
    |stage24RectsExtend_2_1_reg_2126  |   5|   0|    5|          0|
    |stage24RectsExtend_2_3_reg_2132  |   5|   0|    5|          0|
    |stage24RectsExtend_2_5_reg_2139  |   4|   0|    4|          0|
    |stage24RectsExtend_2_7_reg_2144  |   4|   0|    4|          0|
    |stage24RectsExtend_2_9_reg_2150  |   2|   0|    2|          0|
    |stageTmp_reg_591                 |  32|   0|   32|          0|
    |sumA_2_2_reg_2260                |  19|   0|   19|          0|
    |sumA_2_reg_2085                  |  19|   0|   19|          0|
    |sumB_2_1_reg_2220                |  19|   0|   19|          0|
    |sumB_2_2_reg_2270                |  19|   0|   19|          0|
    |sumB_2_reg_2155                  |  19|   0|   19|          0|
    |sum_1_2_reg_2275                 |  23|   0|   23|          0|
    |tmp_13_reg_1910                  |  18|   0|   18|          0|
    |tmp_15_reg_1905                  |  18|   0|   18|          0|
    |tmp_16_reg_1890                  |  11|   0|   11|          0|
    |tmp_17_reg_1880                  |   5|   0|    5|          0|
    |tmp_18_reg_2290                  |  32|   0|   32|          0|
    |tmp_21_reg_1982                  |   1|   0|    1|          0|
    |tmp_22_reg_1989                  |   1|   0|    1|          0|
    |tmp_24_1_reg_2113                |   1|   0|    1|          0|
    |tmp_24_2_reg_2202                |   1|   0|    1|          0|
    |tmp_25_1_reg_2120                |   1|   0|    1|          0|
    |tmp_25_2_reg_2209                |   1|   0|    1|          0|
    |tmp_34_1_reg_2240                |  20|   0|   20|          0|
    |tmp_35_1_reg_2265                |  22|   0|   22|          0|
    |tmp_39_reg_1832                  |  16|   0|   16|          0|
    |tmp_3_reg_1822                   |   5|   0|    5|          0|
    |tmp_43_reg_1827                  |  15|   0|   15|          0|
    |tmp_4_reg_1842                   |  16|   0|   16|          0|
    |tmp_5_reg_1860                   |   8|   0|   11|          3|
    |tmp_6_reg_1872                   |   8|   0|   11|          3|
    |tmp_8_reg_1938                   |  11|   0|   11|          0|
    |tmp_reg_1786                     |  15|   0|   15|          0|
    +---------------------------------+----+----+-----+-----------+
    |Total                            | 730|   0|  817|         87|
    +---------------------------------+----+----+-----+-----------+



================================================================
== Interface
================================================================
* Summary: 
+-------------+-----+-----+------------+-----------------+--------------+
|  RTL Ports  | Dir | Bits|  Protocol  |  Source Object  |    C Type    |
+-------------+-----+-----+------------+-----------------+--------------+
|ap_clk       |  in |    1| ap_ctrl_hs | detectFaceS24ii | return value |
|ap_rst       |  in |    1| ap_ctrl_hs | detectFaceS24ii | return value |
|ap_start     |  in |    1| ap_ctrl_hs | detectFaceS24ii | return value |
|ap_done      | out |    1| ap_ctrl_hs | detectFaceS24ii | return value |
|ap_idle      | out |    1| ap_ctrl_hs | detectFaceS24ii | return value |
|ap_ready     | out |    1| ap_ctrl_hs | detectFaceS24ii | return value |
|ap_return    | out |   32| ap_ctrl_hs | detectFaceS24ii | return value |
|newPixel     |  in |   32|   ap_none  |     newPixel    |    scalar    |
|newPixelCol  |  in |   32|   ap_none  |   newPixelCol   |    scalar    |
+-------------+-----+-----+------------+-----------------+--------------+

