

================================================================
== Vivado HLS Report for 'detectFaceS24ii'
================================================================
* Date:           Tue Feb  6 19:06:40 2018

* Version:        2017.2 (Build 1909853 on Thu Jun 15 18:55:24 MDT 2017)
* Project:        S24FaceDetectII
* Solution:       solution1
* Product family: artix7
* Target device:  xc7a200tfbg676-1


================================================================
== Performance Estimates
================================================================
+ Timing (ns): 
    * Summary: 
    +--------+-------+----------+------------+
    |  Clock | Target| Estimated| Uncertainty|
    +--------+-------+----------+------------+
    |ap_clk  |  10.00|      8.72|        1.25|
    +--------+-------+----------+------------+

+ Latency (clock cycles): 
    * Summary: 
    +-------+-------+-------+-------+---------+
    |    Latency    |    Interval   | Pipeline|
    |  min  |  max  |  min  |  max  |   Type  |
    +-------+-------+-------+-------+---------+
    |  10474|  10474|  10475|  10475|   none  |
    +-------+-------+-------+-------+---------+

    + Detail: 
        * Instance: 
        N/A

        * Loop: 
        +---------------+------+------+----------+-----------+-----------+------+----------+
        |               |   Latency   | Iteration|  Initiation Interval  | Trip |          |
        |   Loop Name   |  min |  max |  Latency |  achieved |   target  | Count| Pipelined|
        +---------------+------+------+----------+-----------+-----------+------+----------+
        |- Loop_Buffer  |    92|    92|         4|          -|          -|    23|    no    |
        |- Loop_iiRow   |  1776|  1776|        74|          -|          -|    24|    no    |
        | + Loop_iiCol  |    69|    69|         3|          -|          -|    23|    no    |
        |- Loop_Nodes   |  8600|  8600|        43|          -|          -|   200|    no    |
        | + Loop_Rects  |    27|    27|         9|          -|          -|     3|    no    |
        +---------------+------+------+----------+-----------+-----------+------+----------+



================================================================
== Utilization Estimates
================================================================
* Summary: 
+-----------------+---------+-------+--------+--------+
|       Name      | BRAM_18K| DSP48E|   FF   |   LUT  |
+-----------------+---------+-------+--------+--------+
|DSP              |        -|      -|       -|       -|
|Expression       |        -|      -|    1229|     874|
|FIFO             |        -|      -|       -|       -|
|Instance         |        -|      6|     775|     698|
|Memory           |       41|      -|      64|      12|
|Multiplexer      |        -|      -|       -|     434|
|Register         |        -|      -|     752|       -|
+-----------------+---------+-------+--------+--------+
|Total            |       41|      6|    2820|    2018|
+-----------------+---------+-------+--------+--------+
|Available        |      730|    740|  269200|  129000|
+-----------------+---------+-------+--------+--------+
|Utilization (%)  |        5|   ~0  |       1|       1|
+-----------------+---------+-------+--------+--------+

+ Detail: 
    * Instance: 
    +-------------------------+----------------------+---------+-------+-----+-----+
    |         Instance        |        Module        | BRAM_18K| DSP48E|  FF | LUT |
    +-------------------------+----------------------+---------+-------+-----+-----+
    |detectFaceS24ii_fjbC_U0  |detectFaceS24ii_fjbC  |        0|      2|  205|  205|
    |detectFaceS24ii_flbW_U2  |detectFaceS24ii_flbW  |        0|      0|   66|   70|
    |detectFaceS24ii_mmb6_U3  |detectFaceS24ii_mmb6  |        0|      4|  165|   50|
    |detectFaceS24ii_skbM_U1  |detectFaceS24ii_skbM  |        0|      0|  339|  373|
    +-------------------------+----------------------+---------+-------+-----+-----+
    |Total                    |                      |        0|      6|  775|  698|
    +-------------------------+----------------------+---------+-------+-----+-----+

    * DSP48: 
    N/A

    * Memory: 
    +------------------------+----------------------+---------+----+----+-------+-----+------+-------------+
    |         Memory         |        Module        | BRAM_18K| FF | LUT| Words | Bits| Banks| W*Bits*Banks|
    +------------------------+----------------------+---------+----+----+-------+-----+------+-------------+
    |buffer_r_U              |detectFaceS24ii_bbkb  |       32|   0|   0|  15360|   32|     1|       491520|
    |colBuffer_U             |detectFaceS24ii_ccud  |        0|  64|  12|     24|   32|     1|          768|
    |ii_U                    |detectFaceS24ii_ii    |        2|   0|   0|    576|   32|     1|        18432|
    |stage24Nodes_U          |detectFaceS24ii_sdEe  |        2|   0|   0|    600|   32|     1|        19200|
    |stage24RectsExtend_0_U  |detectFaceS24ii_seOg  |        1|   0|   0|    600|    5|     1|         3000|
    |stage24RectsExtend_1_U  |detectFaceS24ii_sfYi  |        1|   0|   0|    600|    5|     1|         3000|
    |stage24RectsExtend_2_U  |detectFaceS24ii_sg8j  |        1|   0|   0|    600|    5|     1|         3000|
    |stage24RectsExtend_3_U  |detectFaceS24ii_shbi  |        1|   0|   0|    600|    5|     1|         3000|
    |stage24RectsExtend_4_U  |detectFaceS24ii_sibs  |        1|   0|   0|    600|    3|     1|         1800|
    +------------------------+----------------------+---------+----+----+-------+-----+------+-------------+
    |Total                   |                      |       41|  64|  12|  19560|  151|     9|       543720|
    +------------------------+----------------------+---------+----+----+-------+-----+------+-------------+

    * FIFO: 
    N/A

    * Expression: 
    +---------------------------------+----------+-------+-----+----+------------+------------+
    |          Variable Name          | Operation| DSP48E|  FF | LUT| Bitwidth P0| Bitwidth P1|
    +---------------------------------+----------+-------+-----+----+------------+------------+
    |coordDownL_fu_944_p2             |     +    |      0|   38|  16|          11|          11|
    |coordDownR_fu_954_p2             |     +    |      0|   38|  16|          11|          11|
    |coordUpL_fu_878_p2               |     +    |      0|    0|  11|          11|          11|
    |coordUpR_fu_911_p2               |     +    |      0|   38|  16|          11|          11|
    |lValue_1_fu_1156_p2              |     +    |      0|   38|  16|          11|          11|
    |nodeIdx_1_fu_716_p2              |     +    |      0|   29|  13|           8|           1|
    |rectIdx_1_fu_807_p2              |     +    |      0|   11|   8|           2|           1|
    |rectsUsed_1_fu_828_p2            |     +    |      0|   35|  15|           2|          10|
    |row_2_fu_597_p2                  |     +    |      0|   20|  10|           5|           1|
    |sum_1_fu_1060_p2                 |     +    |      0|  101|  37|          32|          32|
    |tmp16_fu_868_p2                  |     +    |      0|   23|  11|           6|           6|
    |tmp_11_fu_700_p2                 |     +    |      0|    0|  11|          32|          32|
    |tmp_12_fu_659_p2                 |     +    |      0|   38|  16|          11|          11|
    |tmp_14_fu_669_p2                 |     +    |      0|   38|  16|          11|          11|
    |tmp_15_fu_653_p2                 |     +    |      0|   20|  10|           5|           1|
    |tmp_18_fu_813_p2                 |     +    |      0|   35|  15|          10|          10|
    |tmp_1_fu_581_p2                  |     +    |      0|    0|  11|          32|          32|
    |tmp_23_fu_1047_p2                |     +    |      0|  101|  37|          32|          32|
    |tmp_29_fu_467_p2                 |     +    |      0|   50|  20|          14|          15|
    |tmp_2_fu_527_p2                  |     +    |      0|   20|  10|           5|           1|
    |tmp_40_fu_505_p2                 |     +    |      0|    0|  11|          15|          15|
    |tmp_41_fu_511_p2                 |     +    |      0|    0|  11|          15|          15|
    |tmp_44_fu_557_p2                 |     +    |      0|    0|  11|          15|          15|
    |tmp_45_fu_563_p2                 |     +    |      0|    0|  11|          15|          15|
    |tmp_s_fu_674_p2                  |     +    |      0|   38|  16|          11|           5|
    |sumA_1_fu_973_p2                 |     -    |      0|  101|  37|          32|          32|
    |sumB_fu_1035_p2                  |     -    |      0|  101|  37|          32|          32|
    |tmp_10_fu_694_p2                 |     -    |      0|    0|  11|          32|          32|
    |tmp_13_fu_684_p2                 |     -    |      0|  101|  37|          32|          32|
    |tmp_19_fu_862_p2                 |     -    |      0|    0|  11|          11|          11|
    |tmp_20_fu_938_p2                 |     -    |      0|   38|  16|          11|          11|
    |tmp_3_fu_572_p2                  |     -    |      0|  101|  37|          32|          32|
    |tmp_4_fu_627_p2                  |     -    |      0|   38|  16|          11|          11|
    |tmp_7_fu_734_p2                  |     -    |      0|   38|  16|          11|          11|
    |tmp_fu_577_p2                    |     -    |      0|    0|  11|          32|          32|
    |sel_tmp1_fu_983_p2               |    and   |      0|    0|   2|           1|           1|
    |sel_tmp6_fu_993_p2               |    and   |      0|    0|   2|           1|           1|
    |tmp_27_fu_781_p2                 |    and   |      0|    0|   2|           1|           1|
    |tmp_34_fu_1136_p2                |    and   |      0|    0|   2|           1|           1|
    |tmp_36_fu_1142_p2                |    and   |      0|    0|   2|           1|           1|
    |exitcond1_fu_710_p2              |   icmp   |      0|    0|   4|           8|           7|
    |exitcond2_fu_647_p2              |   icmp   |      0|    0|   2|           5|           5|
    |exitcond3_fu_591_p2              |   icmp   |      0|    0|   2|           5|           5|
    |exitcond4_fu_521_p2              |   icmp   |      0|    0|   2|           5|           5|
    |exitcond_fu_801_p2               |   icmp   |      0|    0|   1|           2|           2|
    |notlhs1_fu_763_p2                |   icmp   |      0|    0|   4|           8|           2|
    |notlhs2_fu_1118_p2               |   icmp   |      0|    0|   4|           8|           2|
    |notlhs_fu_1100_p2                |   icmp   |      0|    0|   4|           8|           2|
    |notrhs1_fu_769_p2                |   icmp   |      0|    0|  13|          23|           1|
    |notrhs2_fu_1124_p2               |   icmp   |      0|    0|  13|          23|           1|
    |notrhs_fu_1106_p2                |   icmp   |      0|    0|  13|          23|           1|
    |tmp_21_fu_884_p2                 |   icmp   |      0|    0|   2|           5|           1|
    |tmp_22_fu_890_p2                 |   icmp   |      0|    0|   2|           5|           1|
    |tmp_38_fu_902_p2                 |   icmp   |      0|    0|   2|           5|           1|
    |or_cond_fu_1006_p2               |    or    |      0|    0|   2|           1|           1|
    |tmp_25_fu_775_p2                 |    or    |      0|    0|   2|           1|           1|
    |tmp_32_fu_1112_p2                |    or    |      0|    0|   2|           1|           1|
    |tmp_33_fu_1130_p2                |    or    |      0|    0|   2|           1|           1|
    |tmp_37_fu_896_p2                 |    or    |      0|    0|   5|           5|           5|
    |tmp_5_fu_638_p2                  |    or    |      0|    0|  11|          11|           1|
    |lValue_1_v_cast_cast_fu_1148_p3  |  select  |      0|    0|   2|           1|           1|
    |newSel1_fu_1011_p3               |  select  |      0|    0|  32|           1|          32|
    |newSel_fu_998_p3                 |  select  |      0|    0|  32|           1|          32|
    |sel_tmp10_v_fu_1027_p3           |  select  |      0|    0|  32|           1|           1|
    |sumA_2_fu_1019_p3                |  select  |      0|    0|  32|           1|          32|
    |sumB_1_fu_1041_p3                |  select  |      0|    0|  32|           1|           1|
    |not_s_fu_787_p2                  |    xor   |      0|    0|   2|           1|           2|
    |sel_tmp5_fu_988_p2               |    xor   |      0|    0|   2|           1|           2|
    |sel_tmp_fu_978_p2                |    xor   |      0|    0|   2|           1|           2|
    +---------------------------------+----------+-------+-----+----+------------+------------+
    |Total                            |          |      0| 1229| 874|         736|         708|
    +---------------------------------+----------+-------+-----+----+------------+------------+

    * Multiplexer: 
    +-----------------------+-----+-----------+-----+-----------+
    |          Name         | LUT | Input Size| Bits| Total Bits|
    +-----------------------+-----+-----------+-----+-----------+
    |ap_NS_fsm              |  177|         40|    1|         40|
    |buffer_r_address0      |   33|          6|   14|         84|
    |buffer_r_d0            |   15|          3|   32|         96|
    |colBuffer_address0     |   21|          4|    5|         20|
    |col_reg_369            |    9|          2|    5|         10|
    |grp_fu_447_p0          |   15|          3|   32|         96|
    |grp_fu_447_p1          |   15|          3|   32|         96|
    |ii_address0            |   41|          8|   10|         80|
    |ii_address1            |   15|          3|   10|         30|
    |ii_d0                  |   15|          3|   32|         96|
    |nodeIdx_reg_380        |    9|          2|    8|         16|
    |rectIdx_reg_415        |    9|          2|    2|          4|
    |rectsUsed_reg_391      |    9|          2|   10|         20|
    |row_1_reg_358          |    9|          2|    5|         10|
    |row_reg_347            |    9|          2|    5|         10|
    |stage24Nodes_address0  |   15|          3|   10|         30|
    |stageTmp_reg_403       |    9|          2|   32|         64|
    |sum_reg_426            |    9|          2|   32|         64|
    +-----------------------+-----+-----------+-----+-----------+
    |Total                  |  434|         92|  277|        866|
    +-----------------------+-----+-----------+-----+-----------+

    * Register: 
    +---------------------------------+----+----+-----+-----------+
    |               Name              | FF | LUT| Bits| Const Bits|
    +---------------------------------+----+----+-----+-----------+
    |ap_CS_fsm                        |  39|   0|   39|          0|
    |buffer_addr_1_reg_1182           |  14|   0|   14|          0|
    |buffer_addr_2_reg_1198           |  14|   0|   14|          0|
    |col_reg_369                      |   5|   0|    5|          0|
    |coordUpL_reg_1371                |  11|   0|   11|          0|
    |coordUpR_reg_1395                |  11|   0|   11|          0|
    |ii_addr_1_reg_1279               |   7|   0|   10|          3|
    |ii_load_5_reg_1410               |  32|   0|   32|          0|
    |lValue_1_reg_1466                |  11|   0|   11|          0|
    |nodeIdx_1_reg_1302               |   8|   0|    8|          0|
    |nodeIdx_reg_380                  |   8|   0|    8|          0|
    |oldestValue_reg_1187             |  32|   0|   32|          0|
    |or_cond_reg_1425                 |   1|   0|    1|          0|
    |rectIdx_1_reg_1320               |   2|   0|    2|          0|
    |rectIdx_reg_415                  |   2|   0|    2|          0|
    |rectsUsed_1_reg_1350             |  10|   0|   10|          0|
    |rectsUsed_reg_391                |  10|   0|   10|          0|
    |reg_453                          |  32|   0|   32|          0|
    |reg_457                          |  32|   0|   32|          0|
    |row_1_cast_reg_1231              |   5|   0|   32|         27|
    |row_1_reg_358                    |   5|   0|    5|          0|
    |row_2_reg_1239                   |   5|   0|    5|          0|
    |row_cast_reg_1193                |   5|   0|   32|         27|
    |row_reg_347                      |   5|   0|    5|          0|
    |stage24RectsExtend_2_1_reg_1355  |   5|   0|    5|          0|
    |stage24RectsExtend_3_1_reg_1360  |   5|   0|    5|          0|
    |stage24RectsExtend_4_1_reg_1366  |   3|   0|    3|          0|
    |stageTmp_reg_403                 |  32|   0|   32|          0|
    |sumA_2_reg_1430                  |  32|   0|   32|          0|
    |sumB_reg_1435                    |  32|   0|   32|          0|
    |sum_reg_426                      |  32|   0|   32|          0|
    |tmp_11_reg_1294                  |  32|   0|   32|          0|
    |tmp_13_reg_1289                  |  32|   0|   32|          0|
    |tmp_14_reg_1274                  |  11|   0|   11|          0|
    |tmp_15_reg_1264                  |   5|   0|    5|          0|
    |tmp_16_reg_1460                  |  32|   0|   32|          0|
    |tmp_17_reg_1170                  |  15|   0|   15|          0|
    |tmp_1_reg_1226                   |  32|   0|   32|          0|
    |tmp_21_reg_1378                  |   1|   0|    1|          0|
    |tmp_22_reg_1384                  |   1|   0|    1|          0|
    |tmp_23_reg_1440                  |  32|   0|   32|          0|
    |tmp_24_reg_1450                  |  32|   0|   32|          0|
    |tmp_2_reg_1206                   |   5|   0|    5|          0|
    |tmp_38_reg_1390                  |   1|   0|    1|          0|
    |tmp_3_reg_1221                   |  32|   0|   32|          0|
    |tmp_45_reg_1211                  |  15|   0|   15|          0|
    |tmp_4_reg_1244                   |   8|   0|   11|          3|
    |tmp_5_reg_1256                   |   8|   0|   11|          3|
    |tmp_7_reg_1307                   |  11|   0|   11|          0|
    +---------------------------------+----+----+-----+-----------+
    |Total                            | 752|   0|  815|         63|
    +---------------------------------+----+----+-----+-----------+



================================================================
== Interface
================================================================
* Summary: 
+-------------+-----+-----+------------+-----------------+--------------+
|  RTL Ports  | Dir | Bits|  Protocol  |  Source Object  |    C Type    |
+-------------+-----+-----+------------+-----------------+--------------+
|ap_clk       |  in |    1| ap_ctrl_hs | detectFaceS24ii | return value |
|ap_rst       |  in |    1| ap_ctrl_hs | detectFaceS24ii | return value |
|ap_start     |  in |    1| ap_ctrl_hs | detectFaceS24ii | return value |
|ap_done      | out |    1| ap_ctrl_hs | detectFaceS24ii | return value |
|ap_idle      | out |    1| ap_ctrl_hs | detectFaceS24ii | return value |
|ap_ready     | out |    1| ap_ctrl_hs | detectFaceS24ii | return value |
|ap_return    | out |   32| ap_ctrl_hs | detectFaceS24ii | return value |
|newPixel     |  in |   32|   ap_none  |     newPixel    |    scalar    |
|newPixelCol  |  in |   32|   ap_none  |   newPixelCol   |    scalar    |
+-------------+-----+-----+------------+-----------------+--------------+

