

================================================================
== Vivado HLS Report for 'detectFaceS24ii'
================================================================
* Date:           Tue Feb 27 15:06:34 2018

* Version:        2017.2 (Build 1909853 on Thu Jun 15 18:55:24 MDT 2017)
* Project:        S24FaceDetectII
* Solution:       solution1
* Product family: artix7
* Target device:  xc7a200tfbg676-1


================================================================
== Performance Estimates
================================================================
+ Timing (ns): 
    * Summary: 
    +--------+-------+----------+------------+
    |  Clock | Target| Estimated| Uncertainty|
    +--------+-------+----------+------------+
    |ap_clk  |  10.00|      9.77|        1.25|
    +--------+-------+----------+------------+

+ Latency (clock cycles): 
    * Summary: 
    +------+------+------+------+---------+
    |   Latency   |   Interval  | Pipeline|
    |  min |  max |  min |  max |   Type  |
    +------+------+------+------+---------+
    |  4873|  4873|  4874|  4874|   none  |
    +------+------+------+------+---------+

    + Detail: 
        * Instance: 
        N/A

        * Loop: 
        +---------------+------+------+----------+-----------+-----------+------+----------+
        |               |   Latency   | Iteration|  Initiation Interval  | Trip |          |
        |   Loop Name   |  min |  max |  Latency |  achieved |   target  | Count| Pipelined|
        +---------------+------+------+----------+-----------+-----------+------+----------+
        |- Loop_Buffer  |    92|    92|         4|          -|          -|    23|    no    |
        |- Loop_iiRow   |  1776|  1776|        74|          -|          -|    24|    no    |
        | + Loop_iiCol  |    69|    69|         3|          -|          -|    23|    no    |
        |- Loop_Nodes   |  3000|  3000|        30|          -|          -|   100|    no    |
        +---------------+------+------+----------+-----------+-----------+------+----------+



================================================================
== Utilization Estimates
================================================================
* Summary: 
+-----------------+---------+-------+--------+--------+
|       Name      | BRAM_18K| DSP48E|   FF   |   LUT  |
+-----------------+---------+-------+--------+--------+
|DSP              |        -|      2|       -|       -|
|Expression       |        -|      2|    3051|    2505|
|FIFO             |        -|      -|       -|       -|
|Instance         |        -|      2|     610|     648|
|Memory           |       19|      -|      95|     210|
|Multiplexer      |        -|      -|       -|     816|
|Register         |        -|      -|    1147|       -|
+-----------------+---------+-------+--------+--------+
|Total            |       19|      6|    4903|    4179|
+-----------------+---------+-------+--------+--------+
|Available        |      730|    740|  269200|  129000|
+-----------------+---------+-------+--------+--------+
|Utilization (%)  |        2|   ~0  |       1|       3|
+-----------------+---------+-------+--------+--------+

+ Detail: 
    * Instance: 
    +-------------------------+----------------------+---------+-------+-----+-----+
    |         Instance        |        Module        | BRAM_18K| DSP48E|  FF | LUT |
    +-------------------------+----------------------+---------+-------+-----+-----+
    |detectFaceS24ii_ftde_U0  |detectFaceS24ii_ftde  |        0|      2|  205|  205|
    |detectFaceS24ii_fvdy_U2  |detectFaceS24ii_fvdy  |        0|      0|   66|   70|
    |detectFaceS24ii_sudo_U1  |detectFaceS24ii_sudo  |        0|      0|  339|  373|
    +-------------------------+----------------------+---------+-------+-----+-----+
    |Total                    |                      |        0|      2|  610|  648|
    +-------------------------+----------------------+---------+-------+-----+-----+

    * DSP48: 
    +-------------------------+----------------------+---------------------+
    |         Instance        |        Module        |      Expression     |
    +-------------------------+----------------------+---------------------+
    |detectFaceS24ii_awdI_U3  |detectFaceS24ii_awdI  | i0 + (i1 + i2) * i3 |
    |detectFaceS24ii_awdI_U4  |detectFaceS24ii_awdI  | i0 + (i1 + i2) * i3 |
    +-------------------------+----------------------+---------------------+

    * Memory: 
    +--------------------------+----------------------+---------+----+----+-------+-----+------+-------------+
    |          Memory          |        Module        | BRAM_18K| FF | LUT| Words | Bits| Banks| W*Bits*Banks|
    +--------------------------+----------------------+---------+----+----+-------+-----+------+-------------+
    |colBuffer_U               |detectFaceS24ii_ccud  |        0|  32|   6|     24|   16|     1|          384|
    |ii_U                      |detectFaceS24ii_ii    |        1|   0|   0|    576|   18|     1|        10368|
    |lineBuffer_U              |detectFaceS24ii_lbkb  |       16|   0|   0|  15360|   16|     1|       245760|
    |stage24Nodes_U            |detectFaceS24ii_sdEe  |        2|   0|   0|    600|   32|     1|        19200|
    |stage24RectsExtend_0_U    |detectFaceS24ii_seOg  |        0|   5|  16|    200|    5|     1|         1000|
    |stage24RectsExtend_0_1_U  |detectFaceS24ii_sfYi  |        0|   5|  16|    200|    5|     1|         1000|
    |stage24RectsExtend_0_2_U  |detectFaceS24ii_sg8j  |        0|   5|  16|    200|    5|     1|         1000|
    |stage24RectsExtend_0_3_U  |detectFaceS24ii_shbi  |        0|   5|  16|    200|    5|     1|         1000|
    |stage24RectsExtend_0_4_U  |detectFaceS24ii_sibs  |        0|   1|   4|    200|    1|     1|          200|
    |stage24RectsExtend_1_U    |detectFaceS24ii_sjbC  |        0|   5|  16|    200|    5|     1|         1000|
    |stage24RectsExtend_1_1_U  |detectFaceS24ii_skbM  |        0|   5|  16|    200|    5|     1|         1000|
    |stage24RectsExtend_1_2_U  |detectFaceS24ii_slbW  |        0|   5|  16|    200|    5|     1|         1000|
    |stage24RectsExtend_1_3_U  |detectFaceS24ii_smb6  |        0|   5|  16|    200|    5|     1|         1000|
    |stage24RectsExtend_1_4_U  |detectFaceS24ii_sncg  |        0|   2|   7|    200|    2|     1|          400|
    |stage24RectsExtend_2_U    |detectFaceS24ii_socq  |        0|   5|  16|    200|    5|     1|         1000|
    |stage24RectsExtend_2_1_U  |detectFaceS24ii_spcA  |        0|   5|  16|    200|    5|     1|         1000|
    |stage24RectsExtend_2_2_U  |detectFaceS24ii_sqcK  |        0|   4|  13|    200|    4|     1|          800|
    |stage24RectsExtend_2_3_U  |detectFaceS24ii_srcU  |        0|   4|  13|    200|    4|     1|          800|
    |stage24RectsExtend_2_4_U  |detectFaceS24ii_ssc4  |        0|   2|   7|    200|    2|     1|          400|
    +--------------------------+----------------------+---------+----+----+-------+-----+------+-------------+
    |Total                     |                      |       19|  95| 210|  19560|  145|    19|       288312|
    +--------------------------+----------------------+---------+----+----+-------+-----+------+-------------+

    * FIFO: 
    N/A

    * Expression: 
    +---------------------------------+----------+-------+----+----+------------+------------+
    |          Variable Name          | Operation| DSP48E| FF | LUT| Bitwidth P0| Bitwidth P1|
    +---------------------------------+----------+-------+----+----+------------+------------+
    |tmp_35_0_1_fu_1959_p2            |     *    |      1|   0|  73|          20|           2|
    |tmp_35_1_1_fu_2605_p2            |     *    |      1|   0|  73|          20|           2|
    |coordDownL_0_1_fu_1587_p2        |     +    |      0|  38|  16|          11|          11|
    |coordDownL_0_2_fu_1779_p2        |     +    |      0|  38|  16|          11|          11|
    |coordDownL_1_1_fu_2275_p2        |     +    |      0|  38|  16|          11|          11|
    |coordDownL_1_2_fu_2467_p2        |     +    |      0|  38|  16|          11|          11|
    |coordDownL_1_fu_2045_p2          |     +    |      0|  38|  16|          11|          11|
    |coordDownL_fu_1389_p2            |     +    |      0|  38|  16|          11|          11|
    |coordDownR_0_1_fu_1597_p2        |     +    |      0|  38|  16|          11|          11|
    |coordDownR_0_2_fu_1789_p2        |     +    |      0|  38|  16|          11|          11|
    |coordDownR_1_1_fu_2285_p2        |     +    |      0|  38|  16|          11|          11|
    |coordDownR_1_2_fu_2477_p2        |     +    |      0|  38|  16|          11|          11|
    |coordDownR_1_fu_2055_p2          |     +    |      0|  38|  16|          11|          11|
    |coordDownR_fu_1399_p2            |     +    |      0|  38|  16|          11|          11|
    |coordUpL_0_1_fu_1501_p2          |     +    |      0|   0|  11|          11|          11|
    |coordUpL_0_2_fu_1678_p2          |     +    |      0|   0|  11|          11|          11|
    |coordUpL_1_1_fu_2185_p2          |     +    |      0|   0|  11|          11|          11|
    |coordUpL_1_2_fu_2366_p2          |     +    |      0|   0|  11|          11|          11|
    |coordUpL_1_fu_1946_p2            |     +    |      0|   0|  11|          11|          11|
    |coordUpL_fu_1344_p2              |     +    |      0|   0|  11|          11|          11|
    |coordUpR_0_1_fu_1552_p2          |     +    |      0|  38|  16|          11|          11|
    |coordUpR_0_2_fu_1740_p2          |     +    |      0|  38|  16|          11|          11|
    |coordUpR_1_1_fu_2240_p2          |     +    |      0|  38|  16|          11|          11|
    |coordUpR_1_2_fu_2428_p2          |     +    |      0|  38|  16|          11|          11|
    |coordUpR_1_fu_2010_p2            |     +    |      0|  38|  16|          11|          11|
    |coordUpR_fu_1354_p2              |     +    |      0|  38|  16|          11|          11|
    |indvars_iv_next2_fu_1808_p2      |     +    |      0|  29|  13|           2|           8|
    |indvars_iv_next5_fu_1242_p2      |     +    |      0|  29|  13|           2|           8|
    |lValue_1_1_fu_2920_p2            |     +    |      0|  38|  16|          11|          11|
    |nodeIdx_1_1_fu_2823_p2           |     +    |      0|  29|  13|           2|           8|
    |row_2_fu_1111_p2                 |     +    |      0|  20|  10|           5|           1|
    |sum_1_0_2_fu_2089_p2             |     +    |      0|  74|  28|          23|          23|
    |sum_1_1_2_fu_2675_p2             |     +    |      0|  74|  28|          23|          23|
    |tmp27_fu_1334_p2                 |     +    |      0|  23|  11|           6|           6|
    |tmp28_fu_1491_p2                 |     +    |      0|  23|  11|           6|           6|
    |tmp29_fu_1668_p2                 |     +    |      0|  23|  11|           6|           6|
    |tmp40_fu_1936_p2                 |     +    |      0|  23|  11|           6|           6|
    |tmp41_fu_2175_p2                 |     +    |      0|  23|  11|           6|           6|
    |tmp42_fu_2356_p2                 |     +    |      0|  23|  11|           6|           6|
    |tmp_12_fu_1218_p2                |     +    |      0|   0|  11|          18|          18|
    |tmp_13_fu_1173_p2                |     +    |      0|  38|  16|          11|          11|
    |tmp_15_fu_1183_p2                |     +    |      0|  38|  16|          11|          11|
    |tmp_16_fu_1167_p2                |     +    |      0|  20|  10|           5|           1|
    |tmp_19_fu_977_p2                 |     +    |      0|  50|  20|          14|          15|
    |tmp_27_fu_1614_p2                |     +    |      0|   0|  11|          20|          20|
    |tmp_2_fu_1094_p2                 |     +    |      0|   0|  11|          16|          16|
    |tmp_32_fu_1015_p2                |     +    |      0|   0|  11|          15|          15|
    |tmp_34_0_1_fu_1849_p2            |     +    |      0|  65|  25|          20|          20|
    |tmp_34_1_1_fu_2523_p2            |     +    |      0|  65|  25|          20|          20|
    |tmp_34_1_fu_2302_p2              |     +    |      0|   0|  11|          20|          20|
    |tmp_34_fu_1021_p2                |     +    |      0|   0|  11|          15|          15|
    |tmp_3_fu_1037_p2                 |     +    |      0|  20|  10|           5|           1|
    |tmp_43_fu_1067_p2                |     +    |      0|   0|  11|          15|          15|
    |tmp_45_fu_1073_p2                |     +    |      0|   0|  11|          15|          15|
    |tmp_9_fu_1188_p2                 |     +    |      0|  38|  16|          11|           5|
    |tmp_s_fu_2773_p2                 |     +    |      0|  38|  16|           2|          11|
    |mt1_fu_1620_p2                   |     -    |      0|   0|  11|           1|          20|
    |mt_fu_2308_p2                    |     -    |      0|   0|  11|           1|          20|
    |sumA_0_1_fu_1822_p2              |     -    |      0|  62|  24|          19|          19|
    |sumA_0_2_fu_1871_p2              |     -    |      0|  62|  24|          19|          19|
    |sumA_1_1_fu_2496_p2              |     -    |      0|  62|  24|          19|          19|
    |sumA_1_2_fu_2545_p2              |     -    |      0|  62|  24|          19|          19|
    |sumA_1_fu_2110_p2                |     -    |      0|  62|  24|          19|          19|
    |sumA_fu_1426_p2                  |     -    |      0|  62|  24|          19|          19|
    |sumB_0_1_fu_1688_p2              |     -    |      0|  62|  24|           1|          19|
    |sumB_0_2_fu_1969_p2              |     -    |      0|  62|  24|           1|          19|
    |sumB_116_1_fu_2376_p2            |     -    |      0|  62|  24|           1|          19|
    |sumB_116_2_fu_2615_p2            |     -    |      0|  62|  24|           1|          19|
    |sumB_1_0_1_fu_1698_p2            |     -    |      0|  62|  24|          19|          19|
    |sumB_1_0_2_fu_1979_p2            |     -    |      0|  62|  24|          19|          19|
    |sumB_1_1_1_fu_2386_p2            |     -    |      0|  62|  24|          19|          19|
    |sumB_1_1_2_fu_2625_p2            |     -    |      0|  62|  24|          19|          19|
    |sumB_1_1_fu_2209_p2              |     -    |      0|  62|  24|          19|          19|
    |sumB_1_fu_1521_p2                |     -    |      0|  62|  24|          19|          19|
    |sumB_fu_1511_p2                  |     -    |      0|  62|  24|           1|          19|
    |sumB_s_fu_2199_p2                |     -    |      0|  62|  24|           1|          19|
    |tmp_11_fu_1212_p2                |     -    |      0|   0|  11|          18|          18|
    |tmp_14_fu_1198_p2                |     -    |      0|  59|  23|          18|          18|
    |tmp_17_fu_2588_p2                |     -    |      0|  38|  16|          11|          11|
    |tmp_1_fu_1090_p2                 |     -    |      0|   0|  11|          16|          16|
    |tmp_21_0_1_fu_1485_p2            |     -    |      0|   0|  11|          11|          11|
    |tmp_21_0_2_fu_1662_p2            |     -    |      0|   0|  11|          11|          11|
    |tmp_21_1_1_fu_2169_p2            |     -    |      0|   0|  11|          11|          11|
    |tmp_21_1_2_fu_2350_p2            |     -    |      0|   0|  11|          11|          11|
    |tmp_21_1_fu_1930_p2              |     -    |      0|   0|  11|          11|          11|
    |tmp_21_fu_1328_p2                |     -    |      0|   0|  11|          11|          11|
    |tmp_23_0_1_fu_1581_p2            |     -    |      0|  38|  16|          11|          11|
    |tmp_23_0_2_fu_1769_p2            |     -    |      0|  35|  15|          10|          10|
    |tmp_23_1_1_fu_2269_p2            |     -    |      0|  38|  16|          11|          11|
    |tmp_23_1_2_fu_2457_p2            |     -    |      0|  35|  15|          10|          10|
    |tmp_23_1_fu_2039_p2              |     -    |      0|  38|  16|          11|          11|
    |tmp_23_fu_1383_p2                |     -    |      0|  38|  16|          11|          11|
    |tmp_4_fu_1085_p2                 |     -    |      0|  53|  21|          16|          16|
    |tmp_5_fu_1141_p2                 |     -    |      0|  38|  16|          11|          11|
    |tmp_8_1_fu_2812_p2               |     -    |      0|  38|  16|          11|          11|
    |sel_tmp10_fu_1889_p2             |    and   |      0|   0|   2|           1|           1|
    |sel_tmp14_fu_2128_p2             |    and   |      0|   0|   2|           1|           1|
    |sel_tmp18_fu_2404_p2             |    and   |      0|   0|   2|           1|           1|
    |sel_tmp22_fu_2563_p2             |    and   |      0|   0|   2|           1|           1|
    |sel_tmp2_fu_1444_p2              |    and   |      0|   0|   2|           1|           1|
    |sel_tmp5_fu_1716_p2              |    and   |      0|   0|   2|           1|           1|
    |tmp_26_fu_1284_p2                |    and   |      0|   0|   2|           1|           1|
    |tmp_37_fu_2752_p2                |    and   |      0|   0|   2|           1|           1|
    |tmp_39_fu_2758_p2                |    and   |      0|   0|   2|           1|           1|
    |tmp_50_fu_2900_p2                |    and   |      0|   0|   2|           1|           1|
    |tmp_52_fu_2906_p2                |    and   |      0|   0|   2|           1|           1|
    |exitcond1_fu_1228_p2             |   icmp   |      0|   0|   4|           8|           7|
    |exitcond2_fu_1161_p2             |   icmp   |      0|   0|   2|           5|           5|
    |exitcond3_fu_1105_p2             |   icmp   |      0|   0|   2|           5|           5|
    |exitcond4_fu_1031_p2             |   icmp   |      0|   0|   2|           5|           5|
    |grp_fu_877_p2                    |   icmp   |      0|   0|   2|           5|           1|
    |grp_fu_883_p2                    |   icmp   |      0|   0|   2|           5|           1|
    |grp_fu_889_p2                    |   icmp   |      0|   0|   2|           5|           1|
    |grp_fu_895_p2                    |   icmp   |      0|   0|   2|           5|           1|
    |grp_fu_961_p2                    |   icmp   |      0|   0|   2|           5|           1|
    |grp_fu_967_p2                    |   icmp   |      0|   0|   2|           5|           1|
    |notlhs1_fu_1266_p2               |   icmp   |      0|   0|   4|           8|           2|
    |notlhs2_fu_2734_p2               |   icmp   |      0|   0|   4|           8|           2|
    |notlhs3_fu_2864_p2               |   icmp   |      0|   0|   4|           8|           2|
    |notlhs4_fu_2882_p2               |   icmp   |      0|   0|   4|           8|           2|
    |notlhs_fu_2716_p2                |   icmp   |      0|   0|   4|           8|           2|
    |notrhs1_fu_1272_p2               |   icmp   |      0|   0|  13|          23|           1|
    |notrhs2_fu_2740_p2               |   icmp   |      0|   0|  13|          23|           1|
    |notrhs3_fu_2870_p2               |   icmp   |      0|   0|  13|          23|           1|
    |notrhs4_fu_2888_p2               |   icmp   |      0|   0|  13|          23|           1|
    |notrhs_fu_2722_p2                |   icmp   |      0|   0|  13|          23|           1|
    |nodeIdx_1_s_fu_2790_p2           |    or    |      0|   0|   8|           8|           1|
    |tmp_20_fu_1278_p2                |    or    |      0|   0|   2|           1|           1|
    |tmp_35_fu_2728_p2                |    or    |      0|   0|   2|           1|           1|
    |tmp_36_fu_2746_p2                |    or    |      0|   0|   2|           1|           1|
    |tmp_48_fu_2876_p2                |    or    |      0|   0|   2|           1|           1|
    |tmp_49_fu_2894_p2                |    or    |      0|   0|   2|           1|           1|
    |tmp_6_fu_1152_p2                 |    or    |      0|   0|  11|          11|           1|
    |tmp_9_s_fu_2768_p2               |    or    |      0|   0|  32|          32|           1|
    |lValue_1_1_v_cast_ca_fu_2912_p3  |  select  |      0|   0|   2|           1|           1|
    |lValue_1_fu_2782_p3              |  select  |      0|   0|  32|           1|          32|
    |sel_tmp11_fu_1992_p3             |  select  |      0|   0|  19|           1|          19|
    |sel_tmp12_fu_2116_p3             |  select  |      0|   0|  19|           1|          19|
    |sel_tmp15_fu_2222_p3             |  select  |      0|   0|  19|           1|          19|
    |sel_tmp16_fu_2502_p3             |  select  |      0|   0|  19|           1|          19|
    |sel_tmp19_fu_2409_p3             |  select  |      0|   0|  19|           1|          19|
    |sel_tmp20_fu_2551_p3             |  select  |      0|   0|  19|           1|          19|
    |sel_tmp23_fu_2638_p3             |  select  |      0|   0|  19|           1|          19|
    |sel_tmp4_fu_1534_p3              |  select  |      0|   0|  19|           1|          19|
    |sel_tmp6_fu_1721_p3              |  select  |      0|   0|  19|           1|          19|
    |sel_tmp7_fu_1877_p3              |  select  |      0|   0|  19|           1|          19|
    |sel_tmp9_fu_1828_p3              |  select  |      0|   0|  19|           1|          19|
    |sel_tmp_fu_1432_p3               |  select  |      0|   0|  19|           1|          19|
    |sumA_2_0_1_fu_1835_p3            |  select  |      0|   0|  19|           1|          19|
    |sumA_2_0_2_fu_1894_p3            |  select  |      0|   0|  19|           1|          19|
    |sumA_2_1_1_fu_2509_p3            |  select  |      0|   0|  19|           1|          19|
    |sumA_2_1_2_fu_2568_p3            |  select  |      0|   0|  19|           1|          19|
    |sumA_2_1_fu_2133_p3              |  select  |      0|   0|  19|           1|          19|
    |sumA_2_fu_1449_p3                |  select  |      0|   0|  19|           1|          19|
    |sumB2_0_1_fu_1704_p3             |  select  |      0|   0|  19|           1|           1|
    |sumB2_0_2_fu_1985_p3             |  select  |      0|   0|  19|           1|           1|
    |sumB2_1_1_fu_2392_p3             |  select  |      0|   0|  19|           1|           1|
    |sumB2_1_2_fu_2631_p3             |  select  |      0|   0|  19|           1|           1|
    |sumB2_1_fu_2215_p3               |  select  |      0|   0|  19|           1|           1|
    |sumB2_fu_1527_p3                 |  select  |      0|   0|  19|           1|           1|
    |sumB_2_0_1_fu_1728_p3            |  select  |      0|   0|  19|           1|           1|
    |sumB_2_0_2_fu_1999_p3            |  select  |      0|   0|  19|           1|           1|
    |sumB_2_1_1_fu_2416_p3            |  select  |      0|   0|  19|           1|           1|
    |sumB_2_1_2_fu_2645_p3            |  select  |      0|   0|  19|           1|           1|
    |sumB_2_1_fu_2229_p3              |  select  |      0|   0|  19|           1|           1|
    |sumB_2_fu_1541_p3                |  select  |      0|   0|  19|           1|           1|
    |tmp_28_fu_2066_p3                |  select  |      0|   0|  20|           1|          20|
    |tmp_35_1_fu_2652_p3              |  select  |      0|   0|  20|           1|          20|
    |not_s_fu_1290_p2                 |    xor   |      0|   0|   2|           1|           2|
    |sel_tmp13_fu_2123_p2             |    xor   |      0|   0|   2|           1|           2|
    |sel_tmp17_fu_2399_p2             |    xor   |      0|   0|   2|           1|           2|
    |sel_tmp1_fu_1439_p2              |    xor   |      0|   0|   2|           1|           2|
    |sel_tmp21_fu_2558_p2             |    xor   |      0|   0|   2|           1|           2|
    |sel_tmp3_fu_1711_p2              |    xor   |      0|   0|   2|           1|           2|
    |sel_tmp8_fu_1884_p2              |    xor   |      0|   0|   2|           1|           2|
    +---------------------------------+----------+-------+----+----+------------+------------+
    |Total                            |          |      2|3051|2505|        1424|        1731|
    +---------------------------------+----------+-------+----+----+------------+------------+

    * Multiplexer: 
    +---------------------------------+-----+-----------+-----+-----------+
    |               Name              | LUT | Input Size| Bits| Total Bits|
    +---------------------------------+-----+-----------+-----+-----------+
    |ap_NS_fsm                        |  197|         45|    1|         45|
    |colBuffer_address0               |   21|          4|    5|         20|
    |col_reg_805                      |    9|          2|    5|         10|
    |grp_fu_863_p0                    |   15|          3|   32|         96|
    |grp_fu_868_p0                    |   15|          3|   32|         96|
    |grp_fu_871_p0                    |   15|          3|   32|         96|
    |grp_fu_871_p1                    |   21|          4|   32|        128|
    |ii_address0                      |   89|         18|   10|        180|
    |ii_address1                      |   56|         13|   10|        130|
    |ii_d0                            |   15|          3|   18|         54|
    |indvars_iv1_reg_816              |    9|          2|    8|         16|
    |indvars_iv4_reg_827              |    9|          2|    8|         16|
    |lineBuffer_address0              |   33|          6|   14|         84|
    |lineBuffer_d0                    |   15|          3|   16|         48|
    |nodeIdx_reg_839                  |    9|          2|    8|         16|
    |reg_901                          |    9|          2|   18|         36|
    |row_1_reg_794                    |    9|          2|    5|         10|
    |row_reg_783                      |    9|          2|    5|         10|
    |stage24Nodes_address0            |   27|          5|   10|         50|
    |stage24RectsExtend_0_1_address0  |   15|          3|    8|         24|
    |stage24RectsExtend_0_2_address0  |   15|          3|    8|         24|
    |stage24RectsExtend_0_3_address0  |   15|          3|    8|         24|
    |stage24RectsExtend_0_4_address0  |   15|          3|    8|         24|
    |stage24RectsExtend_0_address0    |   15|          3|    8|         24|
    |stage24RectsExtend_1_1_address0  |   15|          3|    8|         24|
    |stage24RectsExtend_1_2_address0  |   15|          3|    8|         24|
    |stage24RectsExtend_1_3_address0  |   15|          3|    8|         24|
    |stage24RectsExtend_1_4_address0  |   15|          3|    8|         24|
    |stage24RectsExtend_1_address0    |   15|          3|    8|         24|
    |stage24RectsExtend_2_1_address0  |   15|          3|    8|         24|
    |stage24RectsExtend_2_2_address0  |   15|          3|    8|         24|
    |stage24RectsExtend_2_3_address0  |   15|          3|    8|         24|
    |stage24RectsExtend_2_4_address0  |   15|          3|    8|         24|
    |stage24RectsExtend_2_address0    |   15|          3|    8|         24|
    |stageTmp_reg_851                 |    9|          2|   32|         64|
    +---------------------------------+-----+-----------+-----+-----------+
    |Total                            |  816|        171|  421|       1565|
    +---------------------------------+-----+-----------+-----+-----------+

    * Register: 
    +----------------------------------+----+----+-----+-----------+
    |               Name               | FF | LUT| Bits| Const Bits|
    +----------------------------------+----+----+-----+-----------+
    |ap_CS_fsm                         |  44|   0|   44|          0|
    |col_reg_805                       |   5|   0|    5|          0|
    |coordUpL_0_1_reg_3248             |  11|   0|   11|          0|
    |coordUpL_0_2_reg_3303             |  11|   0|   11|          0|
    |coordUpL_1_1_reg_3543             |  11|   0|   11|          0|
    |coordUpL_1_2_reg_3603             |  11|   0|   11|          0|
    |coordUpL_1_reg_3413               |  11|   0|   11|          0|
    |coordUpL_reg_3133                 |  11|   0|   11|          0|
    |coordUpR_0_1_reg_3273             |  11|   0|   11|          0|
    |coordUpR_0_2_reg_3333             |  11|   0|   11|          0|
    |coordUpR_1_1_reg_3573             |  11|   0|   11|          0|
    |coordUpR_1_2_reg_3633             |  11|   0|   11|          0|
    |coordUpR_1_reg_3448               |  11|   0|   11|          0|
    |coordUpR_reg_3158                 |  11|   0|   11|          0|
    |ii_addr_1_reg_3065                |   7|   0|   10|          3|
    |indvars_iv1_reg_816               |   8|   0|    8|          0|
    |indvars_iv4_reg_827               |   8|   0|    8|          0|
    |indvars_iv_next2_reg_3383         |   8|   0|    8|          0|
    |indvars_iv_next5_reg_3128         |   8|   0|    8|          0|
    |lValue_1_1_reg_3739               |  11|   0|   11|          0|
    |lineBuffer_addr_1_reg_2968        |  14|   0|   14|          0|
    |lineBuffer_addr_2_reg_2984        |  14|   0|   14|          0|
    |lineBuffer_load_reg_2973          |  16|   0|   16|          0|
    |mt1_reg_3288                      |  20|   0|   20|          0|
    |mt_reg_3588                       |  20|   0|   20|          0|
    |newIndex3_cast_reg_3348           |   8|   0|   32|         24|
    |newIndex_cast_reg_3093            |   8|   0|   32|         24|
    |nodeIdx_1_1_reg_3728              |   8|   0|    8|          0|
    |nodeIdx_cast_reg_3085             |   8|   0|   11|          3|
    |nodeIdx_reg_839                   |   8|   0|    8|          0|
    |reg_901                           |  18|   0|   18|          0|
    |reg_906                           |   5|   0|    5|          0|
    |reg_910                           |   5|   0|    5|          0|
    |reg_914                           |   5|   0|    5|          0|
    |reg_918                           |   5|   0|    5|          0|
    |reg_922                           |   2|   0|    2|          0|
    |reg_926                           |   5|   0|    5|          0|
    |reg_930                           |   5|   0|    5|          0|
    |reg_934                           |   4|   0|    4|          0|
    |reg_938                           |   4|   0|    4|          0|
    |reg_942                           |   2|   0|    2|          0|
    |reg_946                           |  18|   0|   18|          0|
    |reg_950                           |  32|   0|   32|          0|
    |reg_956                           |  32|   0|   32|          0|
    |row_1_cast_reg_3017               |   5|   0|   32|         27|
    |row_1_reg_794                     |   5|   0|    5|          0|
    |row_2_reg_3025                    |   5|   0|    5|          0|
    |row_cast_reg_2979                 |   5|   0|   32|         27|
    |row_reg_783                       |   5|   0|    5|          0|
    |sel_tmp10_reg_3403                |   1|   0|    1|          0|
    |sel_tmp14_reg_3533                |   1|   0|    1|          0|
    |sel_tmp18_reg_3623                |   1|   0|    1|          0|
    |sel_tmp22_reg_3663                |   1|   0|    1|          0|
    |sel_tmp2_reg_3238                 |   1|   0|    1|          0|
    |sel_tmp5_reg_3323                 |   1|   0|    1|          0|
    |stage24Nodes_load_2_reg_3733      |  32|   0|   32|          0|
    |stage24RectsExtend_0_19_reg_3518  |   1|   0|    1|          0|
    |stage24RectsExtend_0_9_reg_3223   |   1|   0|    1|          0|
    |stageTmp_1_reg_3744               |  32|   0|   32|          0|
    |stageTmp_reg_851                  |  32|   0|   32|          0|
    |sumA_2_0_2_reg_3408               |  19|   0|   19|          0|
    |sumA_2_1_2_reg_3668               |  19|   0|   19|          0|
    |sumA_2_1_reg_3538                 |  19|   0|   19|          0|
    |sumA_2_reg_3243                   |  19|   0|   19|          0|
    |sumB_2_0_1_reg_3328               |  19|   0|   19|          0|
    |sumB_2_0_2_reg_3438               |  19|   0|   19|          0|
    |sumB_2_1_1_reg_3628               |  19|   0|   19|          0|
    |sumB_2_1_2_reg_3693               |  19|   0|   19|          0|
    |sumB_2_1_reg_3568                 |  19|   0|   19|          0|
    |sumB_2_reg_3268                   |  19|   0|   19|          0|
    |sum_1_0_2_reg_3513                |  23|   0|   23|          0|
    |sum_1_1_2_reg_3698                |  23|   0|   23|          0|
    |tmp_12_reg_3080                   |  18|   0|   18|          0|
    |tmp_14_reg_3075                   |  18|   0|   18|          0|
    |tmp_15_reg_3060                   |  11|   0|   11|          0|
    |tmp_16_reg_3050                   |   5|   0|    5|          0|
    |tmp_17_cast_reg_3678              |  32|   0|   32|          0|
    |tmp_17_reg_3673                   |  11|   0|   11|          0|
    |tmp_24_0_1_reg_3255               |   1|   0|    1|          0|
    |tmp_24_0_2_reg_3310               |   1|   0|    1|          0|
    |tmp_24_1_1_reg_3550               |   1|   0|    1|          0|
    |tmp_24_1_2_reg_3610               |   1|   0|    1|          0|
    |tmp_24_1_reg_3420                 |   1|   0|    1|          0|
    |tmp_24_reg_3140                   |   1|   0|    1|          0|
    |tmp_25_0_1_reg_3262               |   1|   0|    1|          0|
    |tmp_25_0_2_reg_3317               |   1|   0|    1|          0|
    |tmp_25_1_1_reg_3557               |   1|   0|    1|          0|
    |tmp_25_1_2_reg_3617               |   1|   0|    1|          0|
    |tmp_25_1_reg_3427                 |   1|   0|    1|          0|
    |tmp_25_reg_3147                   |   1|   0|    1|          0|
    |tmp_34_0_1_reg_3388               |  20|   0|   20|          0|
    |tmp_34_1_1_reg_3648               |  20|   0|   20|          0|
    |tmp_35_0_1_reg_3433               |  22|   0|   22|          0|
    |tmp_35_1_1_reg_3688               |  22|   0|   22|          0|
    |tmp_39_reg_3703                   |   1|   0|    1|          0|
    |tmp_3_reg_2992                    |   5|   0|    5|          0|
    |tmp_40_reg_3002                   |  16|   0|   16|          0|
    |tmp_45_reg_2997                   |  15|   0|   15|          0|
    |tmp_4_reg_3012                    |  16|   0|   16|          0|
    |tmp_5_reg_3030                    |   8|   0|   11|          3|
    |tmp_6_reg_3042                    |   8|   0|   11|          3|
    |tmp_8_1_reg_3718                  |  10|   0|   11|          1|
    |tmp_reg_2956                      |  15|   0|   15|          0|
    +----------------------------------+----+----+-----+-----------+
    |Total                             |1147|   0| 1262|        115|
    +----------------------------------+----+----+-----+-----------+



================================================================
== Interface
================================================================
* Summary: 
+-------------+-----+-----+------------+-----------------+--------------+
|  RTL Ports  | Dir | Bits|  Protocol  |  Source Object  |    C Type    |
+-------------+-----+-----+------------+-----------------+--------------+
|ap_clk       |  in |    1| ap_ctrl_hs | detectFaceS24ii | return value |
|ap_rst       |  in |    1| ap_ctrl_hs | detectFaceS24ii | return value |
|ap_start     |  in |    1| ap_ctrl_hs | detectFaceS24ii | return value |
|ap_done      | out |    1| ap_ctrl_hs | detectFaceS24ii | return value |
|ap_idle      | out |    1| ap_ctrl_hs | detectFaceS24ii | return value |
|ap_ready     | out |    1| ap_ctrl_hs | detectFaceS24ii | return value |
|ap_return    | out |   32| ap_ctrl_hs | detectFaceS24ii | return value |
|newPixel     |  in |   32|   ap_none  |     newPixel    |    scalar    |
|newPixelCol  |  in |   32|   ap_none  |   newPixelCol   |    scalar    |
+-------------+-----+-----+------------+-----------------+--------------+

