

================================================================
== Vivado HLS Report for 'detectFaceS24ii'
================================================================
* Date:           Wed Feb  7 12:29:15 2018

* Version:        2017.2 (Build 1909853 on Thu Jun 15 18:55:24 MDT 2017)
* Project:        S24FaceDetectII
* Solution:       solution1
* Product family: artix7
* Target device:  xc7a200tfbg676-1


================================================================
== Performance Estimates
================================================================
+ Timing (ns): 
    * Summary: 
    +--------+-------+----------+------------+
    |  Clock | Target| Estimated| Uncertainty|
    +--------+-------+----------+------------+
    |ap_clk  |  10.00|      8.72|        1.25|
    +--------+-------+----------+------------+

+ Latency (clock cycles): 
    * Summary: 
    +------+------+------+------+---------+
    |   Latency   |   Interval  | Pipeline|
    |  min |  max |  min |  max |   Type  |
    +------+------+------+------+---------+
    |  8674|  8674|  8675|  8675|   none  |
    +------+------+------+------+---------+

    + Detail: 
        * Instance: 
        N/A

        * Loop: 
        +---------------+------+------+----------+-----------+-----------+------+----------+
        |               |   Latency   | Iteration|  Initiation Interval  | Trip |          |
        |   Loop Name   |  min |  max |  Latency |  achieved |   target  | Count| Pipelined|
        +---------------+------+------+----------+-----------+-----------+------+----------+
        |- Loop_Buffer  |    92|    92|         4|          -|          -|    23|    no    |
        |- Loop_iiRow   |  1776|  1776|        74|          -|          -|    24|    no    |
        | + Loop_iiCol  |    69|    69|         3|          -|          -|    23|    no    |
        |- Loop_Nodes   |  6800|  6800|        34|          -|          -|   200|    no    |
        | + Loop_Rects  |    18|    18|         6|          -|          -|     3|    no    |
        +---------------+------+------+----------+-----------+-----------+------+----------+



================================================================
== Utilization Estimates
================================================================
* Summary: 
+-----------------+---------+-------+--------+--------+
|       Name      | BRAM_18K| DSP48E|   FF   |   LUT  |
+-----------------+---------+-------+--------+--------+
|DSP              |        -|      1|       -|       -|
|Expression       |        -|      -|     972|     707|
|FIFO             |        -|      -|       -|       -|
|Instance         |        -|      2|     610|     648|
|Memory           |       40|      -|      64|      12|
|Multiplexer      |        -|      -|       -|     425|
|Register         |        -|      -|     576|       -|
+-----------------+---------+-------+--------+--------+
|Total            |       40|      3|    2222|    1792|
+-----------------+---------+-------+--------+--------+
|Available        |      730|    740|  269200|  129000|
+-----------------+---------+-------+--------+--------+
|Utilization (%)  |        5|   ~0  |   ~0   |       1|
+-----------------+---------+-------+--------+--------+

+ Detail: 
    * Instance: 
    +-------------------------+----------------------+---------+-------+-----+-----+
    |         Instance        |        Module        | BRAM_18K| DSP48E|  FF | LUT |
    +-------------------------+----------------------+---------+-------+-----+-----+
    |detectFaceS24ii_fjbC_U0  |detectFaceS24ii_fjbC  |        0|      2|  205|  205|
    |detectFaceS24ii_flbW_U2  |detectFaceS24ii_flbW  |        0|      0|   66|   70|
    |detectFaceS24ii_skbM_U1  |detectFaceS24ii_skbM  |        0|      0|  339|  373|
    +-------------------------+----------------------+---------+-------+-----+-----+
    |Total                    |                      |        0|      2|  610|  648|
    +-------------------------+----------------------+---------+-------+-----+-----+

    * DSP48: 
    +-------------------------+----------------------+---------------------+
    |         Instance        |        Module        |      Expression     |
    +-------------------------+----------------------+---------------------+
    |detectFaceS24ii_amb6_U3  |detectFaceS24ii_amb6  | (i0 + i1) * i2 + i3 |
    +-------------------------+----------------------+---------------------+

    * Memory: 
    +------------------------+----------------------+---------+----+----+-------+-----+------+-------------+
    |         Memory         |        Module        | BRAM_18K| FF | LUT| Words | Bits| Banks| W*Bits*Banks|
    +------------------------+----------------------+---------+----+----+-------+-----+------+-------------+
    |buffer_r_U              |detectFaceS24ii_bbkb  |       32|   0|   0|  15360|   32|     1|       491520|
    |colBuffer_U             |detectFaceS24ii_ccud  |        0|  64|  12|     24|   32|     1|          768|
    |ii_U                    |detectFaceS24ii_ii    |        1|   0|   0|    576|   18|     1|        10368|
    |stage24Nodes_U          |detectFaceS24ii_sdEe  |        2|   0|   0|    600|   32|     1|        19200|
    |stage24RectsExtend_0_U  |detectFaceS24ii_seOg  |        1|   0|   0|    600|    5|     1|         3000|
    |stage24RectsExtend_1_U  |detectFaceS24ii_sfYi  |        1|   0|   0|    600|    5|     1|         3000|
    |stage24RectsExtend_2_U  |detectFaceS24ii_sg8j  |        1|   0|   0|    600|    5|     1|         3000|
    |stage24RectsExtend_3_U  |detectFaceS24ii_shbi  |        1|   0|   0|    600|    5|     1|         3000|
    |stage24RectsExtend_4_U  |detectFaceS24ii_sibs  |        1|   0|   0|    600|    3|     1|         1800|
    +------------------------+----------------------+---------+----+----+-------+-----+------+-------------+
    |Total                   |                      |       40|  64|  12|  19560|  137|     9|       535656|
    +------------------------+----------------------+---------+----+----+-------+-----+------+-------------+

    * FIFO: 
    N/A

    * Expression: 
    +---------------------------------+----------+-------+-----+----+------------+------------+
    |          Variable Name          | Operation| DSP48E|  FF | LUT| Bitwidth P0| Bitwidth P1|
    +---------------------------------+----------+-------+-----+----+------------+------------+
    |coordDownL_fu_938_p2             |     +    |      0|   38|  16|          11|          11|
    |coordDownR_fu_948_p2             |     +    |      0|   38|  16|          11|          11|
    |coordUpL_fu_884_p2               |     +    |      0|    0|  11|          11|          11|
    |coordUpR_fu_905_p2               |     +    |      0|   38|  16|          11|          11|
    |lValue_1_fu_1147_p2              |     +    |      0|   38|  16|          11|          11|
    |nodeIdx_1_fu_717_p2              |     +    |      0|   29|  13|           8|           1|
    |rectIdx_1_fu_808_p2              |     +    |      0|   11|   8|           2|           1|
    |rectsUsed_1_fu_829_p2            |     +    |      0|   35|  15|           2|          10|
    |row_2_fu_596_p2                  |     +    |      0|   20|  10|           5|           1|
    |tmp8_fu_874_p2                   |     +    |      0|   26|  12|           7|           6|
    |tmp_12_fu_701_p2                 |     +    |      0|    0|  11|          18|          18|
    |tmp_13_fu_658_p2                 |     +    |      0|   38|  16|          11|          11|
    |tmp_15_fu_668_p2                 |     +    |      0|   38|  16|          11|          11|
    |tmp_16_fu_652_p2                 |     +    |      0|   20|  10|           5|           1|
    |tmp_18_fu_466_p2                 |     +    |      0|   50|  20|          14|          15|
    |tmp_19_fu_814_p2                 |     +    |      0|   35|  15|          10|          10|
    |tmp_1_fu_580_p2                  |     +    |      0|    0|  11|          32|          32|
    |tmp_2_fu_526_p2                  |     +    |      0|   20|  10|           5|           1|
    |tmp_38_fu_504_p2                 |     +    |      0|    0|  11|          15|          15|
    |tmp_39_fu_510_p2                 |     +    |      0|    0|  11|          15|          15|
    |tmp_42_fu_556_p2                 |     +    |      0|    0|  11|          15|          15|
    |tmp_43_fu_562_p2                 |     +    |      0|    0|  11|          15|          15|
    |tmp_s_fu_673_p2                  |     +    |      0|   38|  16|           5|          11|
    |sumA_fu_975_p2                   |     -    |      0|   62|  24|          19|          19|
    |sumB_1_fu_1020_p2                |     -    |      0|   62|  24|          19|          19|
    |sumB_fu_1010_p2                  |     -    |      0|   62|  24|           1|          19|
    |tmp_11_fu_696_p2                 |     -    |      0|    0|  11|          18|          18|
    |tmp_14_fu_683_p2                 |     -    |      0|   59|  23|          18|          18|
    |tmp_20_fu_868_p2                 |     -    |      0|    0|  11|          11|          11|
    |tmp_21_fu_932_p2                 |     -    |      0|   38|  16|          11|          11|
    |tmp_3_fu_571_p2                  |     -    |      0|  101|  37|          32|          32|
    |tmp_4_fu_626_p2                  |     -    |      0|   38|  16|          11|          11|
    |tmp_7_fu_735_p2                  |     -    |      0|   38|  16|          11|          11|
    |tmp_fu_576_p2                    |     -    |      0|    0|  11|          32|          32|
    |sel_tmp2_fu_993_p2               |    and   |      0|    0|   2|           1|           1|
    |tmp_26_fu_782_p2                 |    and   |      0|    0|   2|           1|           1|
    |tmp_35_fu_1127_p2                |    and   |      0|    0|   2|           1|           1|
    |tmp_37_fu_1133_p2                |    and   |      0|    0|   2|           1|           1|
    |exitcond1_fu_711_p2              |   icmp   |      0|    0|   4|           8|           7|
    |exitcond2_fu_646_p2              |   icmp   |      0|    0|   2|           5|           5|
    |exitcond3_fu_590_p2              |   icmp   |      0|    0|   2|           5|           5|
    |exitcond4_fu_520_p2              |   icmp   |      0|    0|   2|           5|           5|
    |exitcond_fu_802_p2               |   icmp   |      0|    0|   1|           2|           2|
    |notlhs1_fu_764_p2                |   icmp   |      0|    0|   4|           8|           2|
    |notlhs2_fu_1109_p2               |   icmp   |      0|    0|   4|           8|           2|
    |notlhs_fu_1091_p2                |   icmp   |      0|    0|   4|           8|           2|
    |notrhs1_fu_770_p2                |   icmp   |      0|    0|  13|          23|           1|
    |notrhs2_fu_1115_p2               |   icmp   |      0|    0|  13|          23|           1|
    |notrhs_fu_1097_p2                |   icmp   |      0|    0|  13|          23|           1|
    |tmp_22_fu_890_p2                 |   icmp   |      0|    0|   2|           5|           1|
    |tmp_23_fu_896_p2                 |   icmp   |      0|    0|   2|           5|           1|
    |tmp_24_fu_776_p2                 |    or    |      0|    0|   2|           1|           1|
    |tmp_33_fu_1103_p2                |    or    |      0|    0|   2|           1|           1|
    |tmp_34_fu_1121_p2                |    or    |      0|    0|   2|           1|           1|
    |tmp_5_fu_637_p2                  |    or    |      0|    0|  11|          11|           1|
    |lValue_1_v_cast_cast_fu_1139_p3  |  select  |      0|    0|   2|           1|           1|
    |sel_tmp4_fu_1033_p3              |  select  |      0|    0|  19|           1|          19|
    |sumA_1_fu_981_p3                 |  select  |      0|    0|  19|           1|          19|
    |sumA_2_fu_998_p3                 |  select  |      0|    0|  19|           1|          19|
    |sumB2_fu_1026_p3                 |  select  |      0|    0|  19|           1|           1|
    |sumB_2_fu_1040_p3                |  select  |      0|    0|  19|           1|           1|
    |not_s_fu_788_p2                  |    xor   |      0|    0|   2|           1|           2|
    |sel_tmp1_fu_988_p2               |    xor   |      0|    0|   2|           1|           2|
    +---------------------------------+----------+-------+-----+----+------------+------------+
    |Total                            |          |      0|  972| 707|         587|         552|
    +---------------------------------+----------+-------+-----+----+------------+------------+

    * Multiplexer: 
    +-----------------------+-----+-----------+-----+-----------+
    |          Name         | LUT | Input Size| Bits| Total Bits|
    +-----------------------+-----+-----------+-----+-----------+
    |ap_NS_fsm              |  168|         37|    1|         37|
    |buffer_r_address0      |   33|          6|   14|         84|
    |buffer_r_d0            |   15|          3|   32|         96|
    |colBuffer_address0     |   21|          4|    5|         20|
    |col_reg_373            |    9|          2|    5|         10|
    |grp_fu_450_p0          |   15|          3|   32|         96|
    |grp_fu_450_p1          |   15|          3|   32|         96|
    |ii_address0            |   41|          8|   10|         80|
    |ii_address1            |   15|          3|   10|         30|
    |ii_d0                  |   15|          3|   18|         54|
    |nodeIdx_reg_384        |    9|          2|    8|         16|
    |rectIdx_reg_419        |    9|          2|    2|          4|
    |rectsUsed_reg_395      |    9|          2|   10|         20|
    |row_1_reg_362          |    9|          2|    5|         10|
    |row_reg_351            |    9|          2|    5|         10|
    |stage24Nodes_address0  |   15|          3|   10|         30|
    |stageTmp_reg_407       |    9|          2|   32|         64|
    |sum_reg_430            |    9|          2|   24|         48|
    +-----------------------+-----+-----------+-----+-----------+
    |Total                  |  425|         89|  255|        805|
    +-----------------------+-----+-----------+-----+-----------+

    * Register: 
    +---------------------------------+----+----+-----+-----------+
    |               Name              | FF | LUT| Bits| Const Bits|
    +---------------------------------+----+----+-----+-----------+
    |ap_CS_fsm                        |  36|   0|   36|          0|
    |buffer_addr_1_reg_1183           |  14|   0|   14|          0|
    |buffer_addr_2_reg_1199           |  14|   0|   14|          0|
    |col_reg_373                      |   5|   0|    5|          0|
    |coordUpL_reg_1383                |  11|   0|   11|          0|
    |coordUpR_reg_1403                |  11|   0|   11|          0|
    |ii_addr_1_reg_1286               |   7|   0|   10|          3|
    |ii_load_reg_1257                 |  18|   0|   18|          0|
    |lValue_1_reg_1454                |  11|   0|   11|          0|
    |nodeIdx_1_reg_1309               |   8|   0|    8|          0|
    |nodeIdx_reg_384                  |   8|   0|    8|          0|
    |oldestValue_reg_1188             |  32|   0|   32|          0|
    |rectIdx_1_reg_1327               |   2|   0|    2|          0|
    |rectIdx_reg_419                  |   2|   0|    2|          0|
    |rectsUsed_1_reg_1357             |  10|   0|   10|          0|
    |rectsUsed_reg_395                |  10|   0|   10|          0|
    |reg_456                          |  32|   0|   32|          0|
    |row_1_cast_reg_1232              |   5|   0|   32|         27|
    |row_1_reg_362                    |   5|   0|    5|          0|
    |row_2_reg_1240                   |   5|   0|    5|          0|
    |row_cast_reg_1194                |   5|   0|   32|         27|
    |row_reg_351                      |   5|   0|    5|          0|
    |sel_tmp2_reg_1428                |   1|   0|    1|          0|
    |stage24RectsExtend_2_1_reg_1367  |   5|   0|    5|          0|
    |stage24RectsExtend_3_1_reg_1372  |   5|   0|    5|          0|
    |stage24RectsExtend_4_1_reg_1378  |   3|   0|    3|          0|
    |stageTmp_reg_407                 |  32|   0|   32|          0|
    |sumA_2_reg_1433                  |  19|   0|   19|          0|
    |sumB_2_reg_1438                  |  19|   0|   19|          0|
    |sum_reg_430                      |  24|   0|   24|          0|
    |tmp_10_reg_1171                  |  15|   0|   15|          0|
    |tmp_12_reg_1301                  |  18|   0|   18|          0|
    |tmp_14_reg_1296                  |  18|   0|   18|          0|
    |tmp_15_reg_1281                  |  11|   0|   11|          0|
    |tmp_16_reg_1271                  |   5|   0|    5|          0|
    |tmp_17_reg_1448                  |  32|   0|   32|          0|
    |tmp_1_reg_1227                   |  32|   0|   32|          0|
    |tmp_22_reg_1390                  |   1|   0|    1|          0|
    |tmp_23_reg_1397                  |   1|   0|    1|          0|
    |tmp_2_reg_1207                   |   5|   0|    5|          0|
    |tmp_3_reg_1222                   |  32|   0|   32|          0|
    |tmp_43_reg_1212                  |  15|   0|   15|          0|
    |tmp_4_reg_1245                   |   8|   0|   11|          3|
    |tmp_5_reg_1263                   |   8|   0|   11|          3|
    |tmp_7_reg_1314                   |  11|   0|   11|          0|
    +---------------------------------+----+----+-----+-----------+
    |Total                            | 576|   0|  639|         63|
    +---------------------------------+----+----+-----+-----------+



================================================================
== Interface
================================================================
* Summary: 
+-------------+-----+-----+------------+-----------------+--------------+
|  RTL Ports  | Dir | Bits|  Protocol  |  Source Object  |    C Type    |
+-------------+-----+-----+------------+-----------------+--------------+
|ap_clk       |  in |    1| ap_ctrl_hs | detectFaceS24ii | return value |
|ap_rst       |  in |    1| ap_ctrl_hs | detectFaceS24ii | return value |
|ap_start     |  in |    1| ap_ctrl_hs | detectFaceS24ii | return value |
|ap_done      | out |    1| ap_ctrl_hs | detectFaceS24ii | return value |
|ap_idle      | out |    1| ap_ctrl_hs | detectFaceS24ii | return value |
|ap_ready     | out |    1| ap_ctrl_hs | detectFaceS24ii | return value |
|ap_return    | out |   32| ap_ctrl_hs | detectFaceS24ii | return value |
|newPixel     |  in |   32|   ap_none  |     newPixel    |    scalar    |
|newPixelCol  |  in |   32|   ap_none  |   newPixelCol   |    scalar    |
+-------------+-----+-----+------------+-----------------+--------------+

