

================================================================
== Vivado HLS Report for 'detectFaceS24ii'
================================================================
* Date:           Tue Feb 13 17:40:42 2018

* Version:        2017.2 (Build 1909853 on Thu Jun 15 18:55:24 MDT 2017)
* Project:        S24FaceDetectII
* Solution:       solution1
* Product family: artix7
* Target device:  xc7a200tfbg676-1


================================================================
== Performance Estimates
================================================================
+ Timing (ns): 
    * Summary: 
    +--------+-------+----------+------------+
    |  Clock | Target| Estimated| Uncertainty|
    +--------+-------+----------+------------+
    |ap_clk  |  10.00|      8.72|        1.25|
    +--------+-------+----------+------------+

+ Latency (clock cycles): 
    * Summary: 
    +------+------+------+------+---------+
    |   Latency   |   Interval  | Pipeline|
    |  min |  max |  min |  max |   Type  |
    +------+------+------+------+---------+
    |  8673|  8673|  8674|  8674|   none  |
    +------+------+------+------+---------+

    + Detail: 
        * Instance: 
        N/A

        * Loop: 
        +---------------+------+------+----------+-----------+-----------+------+----------+
        |               |   Latency   | Iteration|  Initiation Interval  | Trip |          |
        |   Loop Name   |  min |  max |  Latency |  achieved |   target  | Count| Pipelined|
        +---------------+------+------+----------+-----------+-----------+------+----------+
        |- Loop_Buffer  |    92|    92|         4|          -|          -|    23|    no    |
        |- Loop_iiRow   |  1776|  1776|        74|          -|          -|    24|    no    |
        | + Loop_iiCol  |    69|    69|         3|          -|          -|    23|    no    |
        |- Loop_Nodes   |  6800|  6800|        34|          -|          -|   200|    no    |
        | + Loop_Rects  |    18|    18|         6|          -|          -|     3|    no    |
        +---------------+------+------+----------+-----------+-----------+------+----------+



================================================================
== Utilization Estimates
================================================================
* Summary: 
+-----------------+---------+-------+--------+--------+
|       Name      | BRAM_18K| DSP48E|   FF   |   LUT  |
+-----------------+---------+-------+--------+--------+
|DSP              |        -|      1|       -|       -|
|Expression       |        -|      -|     921|     690|
|FIFO             |        -|      -|       -|       -|
|Instance         |        -|      2|     610|     648|
|Memory           |       24|      -|      32|       6|
|Multiplexer      |        -|      -|       -|     422|
|Register         |        -|      -|     527|       -|
+-----------------+---------+-------+--------+--------+
|Total            |       24|      3|    2090|    1766|
+-----------------+---------+-------+--------+--------+
|Available        |      730|    740|  269200|  129000|
+-----------------+---------+-------+--------+--------+
|Utilization (%)  |        3|   ~0  |   ~0   |       1|
+-----------------+---------+-------+--------+--------+

+ Detail: 
    * Instance: 
    +-------------------------+----------------------+---------+-------+-----+-----+
    |         Instance        |        Module        | BRAM_18K| DSP48E|  FF | LUT |
    +-------------------------+----------------------+---------+-------+-----+-----+
    |detectFaceS24ii_fjbC_U0  |detectFaceS24ii_fjbC  |        0|      2|  205|  205|
    |detectFaceS24ii_flbW_U2  |detectFaceS24ii_flbW  |        0|      0|   66|   70|
    |detectFaceS24ii_skbM_U1  |detectFaceS24ii_skbM  |        0|      0|  339|  373|
    +-------------------------+----------------------+---------+-------+-----+-----+
    |Total                    |                      |        0|      2|  610|  648|
    +-------------------------+----------------------+---------+-------+-----+-----+

    * DSP48: 
    +-------------------------+----------------------+---------------------+
    |         Instance        |        Module        |      Expression     |
    +-------------------------+----------------------+---------------------+
    |detectFaceS24ii_amb6_U3  |detectFaceS24ii_amb6  | (i0 + i1) * i2 + i3 |
    +-------------------------+----------------------+---------------------+

    * Memory: 
    +------------------------+----------------------+---------+----+----+-------+-----+------+-------------+
    |         Memory         |        Module        | BRAM_18K| FF | LUT| Words | Bits| Banks| W*Bits*Banks|
    +------------------------+----------------------+---------+----+----+-------+-----+------+-------------+
    |buffer_r_U              |detectFaceS24ii_bbkb  |       16|   0|   0|  15360|   16|     1|       245760|
    |colBuffer_U             |detectFaceS24ii_ccud  |        0|  32|   6|     24|   16|     1|          384|
    |ii_U                    |detectFaceS24ii_ii    |        1|   0|   0|    576|   18|     1|        10368|
    |stage24Nodes_U          |detectFaceS24ii_sdEe  |        2|   0|   0|    600|   32|     1|        19200|
    |stage24RectsExtend_0_U  |detectFaceS24ii_seOg  |        1|   0|   0|    600|    5|     1|         3000|
    |stage24RectsExtend_1_U  |detectFaceS24ii_sfYi  |        1|   0|   0|    600|    5|     1|         3000|
    |stage24RectsExtend_2_U  |detectFaceS24ii_sg8j  |        1|   0|   0|    600|    5|     1|         3000|
    |stage24RectsExtend_3_U  |detectFaceS24ii_shbi  |        1|   0|   0|    600|    5|     1|         3000|
    |stage24RectsExtend_4_U  |detectFaceS24ii_sibs  |        1|   0|   0|    600|    3|     1|         1800|
    +------------------------+----------------------+---------+----+----+-------+-----+------+-------------+
    |Total                   |                      |       24|  32|   6|  19560|  105|     9|       289512|
    +------------------------+----------------------+---------+----+----+-------+-----+------+-------------+

    * FIFO: 
    N/A

    * Expression: 
    +---------------------------------+----------+-------+----+----+------------+------------+
    |          Variable Name          | Operation| DSP48E| FF | LUT| Bitwidth P0| Bitwidth P1|
    +---------------------------------+----------+-------+----+----+------------+------------+
    |coordDownL_fu_942_p2             |     +    |      0|  38|  16|          11|          11|
    |coordDownR_fu_952_p2             |     +    |      0|  38|  16|          11|          11|
    |coordUpL_fu_888_p2               |     +    |      0|   0|  11|          11|          11|
    |coordUpR_fu_909_p2               |     +    |      0|  38|  16|          11|          11|
    |lValue_1_fu_1151_p2              |     +    |      0|  38|  16|          11|          11|
    |nodeIdx_1_fu_721_p2              |     +    |      0|  29|  13|           8|           1|
    |rectIdx_1_fu_812_p2              |     +    |      0|  11|   8|           2|           1|
    |rectsUsed_1_fu_833_p2            |     +    |      0|  35|  15|           2|          10|
    |row_2_fu_600_p2                  |     +    |      0|  20|  10|           5|           1|
    |tmp8_fu_878_p2                   |     +    |      0|  23|  11|           6|           6|
    |tmp_10_fu_677_p2                 |     +    |      0|  38|  16|          11|           5|
    |tmp_13_fu_705_p2                 |     +    |      0|   0|  11|          18|          18|
    |tmp_14_fu_662_p2                 |     +    |      0|  38|  16|          11|          11|
    |tmp_16_fu_672_p2                 |     +    |      0|  38|  16|          11|          11|
    |tmp_17_fu_656_p2                 |     +    |      0|  20|  10|           5|           1|
    |tmp_19_fu_466_p2                 |     +    |      0|  50|  20|          14|          15|
    |tmp_20_fu_818_p2                 |     +    |      0|  35|  15|          10|          10|
    |tmp_2_fu_583_p2                  |     +    |      0|   0|  11|          16|          16|
    |tmp_39_fu_504_p2                 |     +    |      0|   0|  11|          15|          15|
    |tmp_3_fu_526_p2                  |     +    |      0|  20|  10|           5|           1|
    |tmp_40_fu_510_p2                 |     +    |      0|   0|  11|          15|          15|
    |tmp_44_fu_556_p2                 |     +    |      0|   0|  11|          15|          15|
    |tmp_45_fu_562_p2                 |     +    |      0|   0|  11|          15|          15|
    |sumA_fu_979_p2                   |     -    |      0|  62|  24|          19|          19|
    |sumB_1_fu_1024_p2                |     -    |      0|  62|  24|          19|          19|
    |sumB_fu_1014_p2                  |     -    |      0|  62|  24|           1|          19|
    |tmp_12_fu_700_p2                 |     -    |      0|   0|  11|          18|          18|
    |tmp_15_fu_687_p2                 |     -    |      0|  59|  23|          18|          18|
    |tmp_1_fu_579_p2                  |     -    |      0|   0|  11|          16|          16|
    |tmp_21_fu_872_p2                 |     -    |      0|   0|  11|          11|          11|
    |tmp_22_fu_936_p2                 |     -    |      0|  38|  16|          11|          11|
    |tmp_4_fu_574_p2                  |     -    |      0|  53|  21|          16|          16|
    |tmp_5_fu_630_p2                  |     -    |      0|  38|  16|          11|          11|
    |tmp_8_fu_739_p2                  |     -    |      0|  38|  16|          11|          11|
    |sel_tmp2_fu_997_p2               |    and   |      0|   0|   2|           1|           1|
    |tmp_27_fu_786_p2                 |    and   |      0|   0|   2|           1|           1|
    |tmp_36_fu_1131_p2                |    and   |      0|   0|   2|           1|           1|
    |tmp_38_fu_1137_p2                |    and   |      0|   0|   2|           1|           1|
    |exitcond1_fu_715_p2              |   icmp   |      0|   0|   4|           8|           7|
    |exitcond2_fu_650_p2              |   icmp   |      0|   0|   2|           5|           5|
    |exitcond3_fu_594_p2              |   icmp   |      0|   0|   2|           5|           5|
    |exitcond4_fu_520_p2              |   icmp   |      0|   0|   2|           5|           5|
    |exitcond_fu_806_p2               |   icmp   |      0|   0|   1|           2|           2|
    |notlhs1_fu_768_p2                |   icmp   |      0|   0|   4|           8|           2|
    |notlhs2_fu_1113_p2               |   icmp   |      0|   0|   4|           8|           2|
    |notlhs_fu_1095_p2                |   icmp   |      0|   0|   4|           8|           2|
    |notrhs1_fu_774_p2                |   icmp   |      0|   0|  13|          23|           1|
    |notrhs2_fu_1119_p2               |   icmp   |      0|   0|  13|          23|           1|
    |notrhs_fu_1101_p2                |   icmp   |      0|   0|  13|          23|           1|
    |tmp_23_fu_894_p2                 |   icmp   |      0|   0|   2|           5|           1|
    |tmp_24_fu_900_p2                 |   icmp   |      0|   0|   2|           5|           1|
    |tmp_25_fu_780_p2                 |    or    |      0|   0|   2|           1|           1|
    |tmp_34_fu_1107_p2                |    or    |      0|   0|   2|           1|           1|
    |tmp_35_fu_1125_p2                |    or    |      0|   0|   2|           1|           1|
    |tmp_6_fu_641_p2                  |    or    |      0|   0|  11|          11|           1|
    |lValue_1_v_cast_cast_fu_1143_p3  |  select  |      0|   0|   2|           1|           1|
    |sel_tmp4_fu_1037_p3              |  select  |      0|   0|  19|           1|          19|
    |sumA_1_fu_985_p3                 |  select  |      0|   0|  19|           1|          19|
    |sumA_2_fu_1002_p3                |  select  |      0|   0|  19|           1|          19|
    |sumB2_fu_1030_p3                 |  select  |      0|   0|  19|           1|           1|
    |sumB_2_fu_1044_p3                |  select  |      0|   0|  19|           1|           1|
    |not_s_fu_792_p2                  |    xor   |      0|   0|   2|           1|           2|
    |sel_tmp1_fu_992_p2               |    xor   |      0|   0|   2|           1|           2|
    +---------------------------------+----------+-------+----+----+------------+------------+
    |Total                            |          |      0| 921| 690|         544|         498|
    +---------------------------------+----------+-------+----+----+------------+------------+

    * Multiplexer: 
    +-----------------------+-----+-----------+-----+-----------+
    |          Name         | LUT | Input Size| Bits| Total Bits|
    +-----------------------+-----+-----------+-----+-----------+
    |ap_NS_fsm              |  165|         36|    1|         36|
    |buffer_r_address0      |   33|          6|   14|         84|
    |buffer_r_d0            |   15|          3|   16|         48|
    |colBuffer_address0     |   21|          4|    5|         20|
    |col_reg_373            |    9|          2|    5|         10|
    |grp_fu_450_p0          |   15|          3|   32|         96|
    |grp_fu_450_p1          |   15|          3|   32|         96|
    |ii_address0            |   41|          8|   10|         80|
    |ii_address1            |   15|          3|   10|         30|
    |ii_d0                  |   15|          3|   18|         54|
    |nodeIdx_reg_384        |    9|          2|    8|         16|
    |rectIdx_reg_419        |    9|          2|    2|          4|
    |rectsUsed_reg_395      |    9|          2|   10|         20|
    |row_1_reg_362          |    9|          2|    5|         10|
    |row_reg_351            |    9|          2|    5|         10|
    |stage24Nodes_address0  |   15|          3|   10|         30|
    |stageTmp_reg_407       |    9|          2|   32|         64|
    |sum_reg_430            |    9|          2|   24|         48|
    +-----------------------+-----+-----------+-----+-----------+
    |Total                  |  422|         88|  239|        756|
    +-----------------------+-----+-----------+-----+-----------+

    * Register: 
    +---------------------------------+----+----+-----+-----------+
    |               Name              | FF | LUT| Bits| Const Bits|
    +---------------------------------+----+----+-----+-----------+
    |ap_CS_fsm                        |  35|   0|   35|          0|
    |buffer_addr_1_reg_1187           |  14|   0|   14|          0|
    |buffer_addr_2_reg_1203           |  14|   0|   14|          0|
    |buffer_load_reg_1192             |  16|   0|   16|          0|
    |col_reg_373                      |   5|   0|    5|          0|
    |coordUpL_reg_1387                |  11|   0|   11|          0|
    |coordUpR_reg_1407                |  11|   0|   11|          0|
    |ii_addr_1_reg_1290               |   7|   0|   10|          3|
    |ii_load_reg_1261                 |  18|   0|   18|          0|
    |lValue_1_reg_1458                |  11|   0|   11|          0|
    |nodeIdx_1_reg_1313               |   8|   0|    8|          0|
    |nodeIdx_reg_384                  |   8|   0|    8|          0|
    |rectIdx_1_reg_1331               |   2|   0|    2|          0|
    |rectIdx_reg_419                  |   2|   0|    2|          0|
    |rectsUsed_1_reg_1361             |  10|   0|   10|          0|
    |rectsUsed_reg_395                |  10|   0|   10|          0|
    |reg_456                          |  32|   0|   32|          0|
    |row_1_cast_reg_1236              |   5|   0|   32|         27|
    |row_1_reg_362                    |   5|   0|    5|          0|
    |row_2_reg_1244                   |   5|   0|    5|          0|
    |row_cast_reg_1198                |   5|   0|   32|         27|
    |row_reg_351                      |   5|   0|    5|          0|
    |sel_tmp2_reg_1432                |   1|   0|    1|          0|
    |stage24RectsExtend_2_1_reg_1371  |   5|   0|    5|          0|
    |stage24RectsExtend_3_1_reg_1376  |   5|   0|    5|          0|
    |stage24RectsExtend_4_1_reg_1382  |   3|   0|    3|          0|
    |stageTmp_reg_407                 |  32|   0|   32|          0|
    |sumA_2_reg_1437                  |  19|   0|   19|          0|
    |sumB_2_reg_1442                  |  19|   0|   19|          0|
    |sum_reg_430                      |  24|   0|   24|          0|
    |tmp_13_reg_1305                  |  18|   0|   18|          0|
    |tmp_15_reg_1300                  |  18|   0|   18|          0|
    |tmp_16_reg_1285                  |  11|   0|   11|          0|
    |tmp_17_reg_1275                  |   5|   0|    5|          0|
    |tmp_18_reg_1452                  |  32|   0|   32|          0|
    |tmp_23_reg_1394                  |   1|   0|    1|          0|
    |tmp_24_reg_1401                  |   1|   0|    1|          0|
    |tmp_3_reg_1211                   |   5|   0|    5|          0|
    |tmp_41_reg_1221                  |  16|   0|   16|          0|
    |tmp_45_reg_1216                  |  15|   0|   15|          0|
    |tmp_4_reg_1231                   |  16|   0|   16|          0|
    |tmp_5_reg_1249                   |   8|   0|   11|          3|
    |tmp_6_reg_1267                   |   8|   0|   11|          3|
    |tmp_8_reg_1318                   |  11|   0|   11|          0|
    |tmp_reg_1175                     |  15|   0|   15|          0|
    +---------------------------------+----+----+-----+-----------+
    |Total                            | 527|   0|  590|         63|
    +---------------------------------+----+----+-----+-----------+



================================================================
== Interface
================================================================
* Summary: 
+-------------+-----+-----+------------+-----------------+--------------+
|  RTL Ports  | Dir | Bits|  Protocol  |  Source Object  |    C Type    |
+-------------+-----+-----+------------+-----------------+--------------+
|ap_clk       |  in |    1| ap_ctrl_hs | detectFaceS24ii | return value |
|ap_rst       |  in |    1| ap_ctrl_hs | detectFaceS24ii | return value |
|ap_start     |  in |    1| ap_ctrl_hs | detectFaceS24ii | return value |
|ap_done      | out |    1| ap_ctrl_hs | detectFaceS24ii | return value |
|ap_idle      | out |    1| ap_ctrl_hs | detectFaceS24ii | return value |
|ap_ready     | out |    1| ap_ctrl_hs | detectFaceS24ii | return value |
|ap_return    | out |   32| ap_ctrl_hs | detectFaceS24ii | return value |
|newPixel     |  in |   32|   ap_none  |     newPixel    |    scalar    |
|newPixelCol  |  in |   32|   ap_none  |   newPixelCol   |    scalar    |
+-------------+-----+-----+------------+-----------------+--------------+

